13:59:22 **** Incremental Build of configuration Debug for project yayaya ****
make -j12 all 
arm-none-eabi-size   yayaya.elf 
   text	   data	    bss	    dec	    hex	filename
  38364	   1380	   6924	  46668	   b64c	yayaya.elf
Finished building: default.size.stdout
 
15:56:15 **** Build of configuration Debug for project yayaya ****
make -j12 all 
arm-none-eabi-size   yayaya.elf 
   text	   data	    bss	    dec	    hex	filename
  38364	   1380	   6924	  46668	   b64c	yayaya.elf
Finished building: default.size.stdout
 
15:56:33 **** Incremental Build of configuration Debug for project yayaya ****
make -j12 all 
arm-none-eabi-size   yayaya.elf 
   text	   data	    bss	    dec	    hex	filename
  38364	   1380	   6924	  46668	   b64c	yayaya.elf
Finished building: default.size.stdout
 
16:04:22 **** Incremental Build of configuration Debug for project yayaya ****
make -j12 all 
arm-none-eabi-gcc "C:/Users/brans/Desktop/yayaya/Src/main.c" -mcpu=cortex-m4 -std=gnu11 -g3 -DDEBUG -DARM_MATH_CM4 -DUSE_HAL_DRIVER -DSTM32G431xx -c -I../../Inc -I../../Drivers/STM32G4xx_HAL_Driver/Inc -I../../Drivers/STM32G4xx_HAL_Driver/Inc/Legacy -I../../MCSDK_v6.1.1-Full/MotorControl/MCSDK/MCLib/Any/Inc -I../../MCSDK_v6.1.1-Full/MotorControl/MCSDK/MCLib/G4xx/Inc -I../../Drivers/CMSIS/Device/ST/STM32G4xx/Include -I../../Drivers/CMSIS/Include -I../../Drivers/CMSIS/DSP/Include -Ofast -ffunction-sections -fdata-sections -Wall -fstack-usage -fcyclomatic-complexity -MMD -MP -MF"Application/User/main.d" -MT"Application/User/main.o" --specs=nano.specs -mfpu=fpv4-sp-d16 -mfloat-abi=hard -mthumb -o "Application/User/main.o"
C:/Users/brans/Desktop/yayaya/Src/main.c: In function 'main':
C:/Users/brans/Desktop/yayaya/Src/main.c:113:3: error: too few arguments to function 'MCI_Init'
  113 |   MCI_Init();
      |   ^~~~~~~~
In file included from ../../Inc/mc_config.h:30,
                 from ../../Inc/motorcontrol.h:25,
                 from ../../Inc/main.h:31,
                 from C:/Users/brans/Desktop/yayaya/Src/main.c:20:
../../Inc/mc_interface.h:151:6: note: declared here
  151 | void MCI_Init( MCI_Handle_t * pHandle, SpeednTorqCtrl_Handle_t * pSTC, pFOCVars_t pFOCVars, PWMC_Handle_t *pPWMHandle );
      |      ^~~~~~~~
make: *** [Application/User/subdir.mk:84: Application/User/main.o] Error 1
"make -j12 all" terminated with exit code 2. Build might be incomplete.
11:22:00 **** Build of configuration Debug for project yayaya ****
make -j12 all 
arm-none-eabi-gcc "C:/Users/brans/Desktop/yayaya/Src/main.c" -mcpu=cortex-m4 -std=gnu11 -g3 -DDEBUG -DARM_MATH_CM4 -DUSE_HAL_DRIVER -DSTM32G431xx -c -I../../Inc -I../../Drivers/STM32G4xx_HAL_Driver/Inc -I../../Drivers/STM32G4xx_HAL_Driver/Inc/Legacy -I../../MCSDK_v6.1.1-Full/MotorControl/MCSDK/MCLib/Any/Inc -I../../MCSDK_v6.1.1-Full/MotorControl/MCSDK/MCLib/G4xx/Inc -I../../Drivers/CMSIS/Device/ST/STM32G4xx/Include -I../../Drivers/CMSIS/Include -I../../Drivers/CMSIS/DSP/Include -Ofast -ffunction-sections -fdata-sections -Wall -fstack-usage -fcyclomatic-complexity -MMD -MP -MF"Application/User/main.d" -MT"Application/User/main.o" --specs=nano.specs -mfpu=fpv4-sp-d16 -mfloat-abi=hard -mthumb -o "Application/User/main.o"
arm-none-eabi-gcc -o "yayaya.elf" @"objects.list"   -mcpu=cortex-m4 -T"C:\Users\brans\Desktop\yayaya\STM32CubeIDE\STM32G431RBTX_FLASH.ld" --specs=nosys.specs -Wl,-Map="yayaya.map" -Wl,--gc-sections -static --specs=nano.specs -mfpu=fpv4-sp-d16 -mfloat-abi=hard -mthumb -Wl,--start-group -lc -lm -Wl,--end-group
Finished building target: yayaya.elf
 
arm-none-eabi-size   yayaya.elf 
arm-none-eabi-objdump -h -S  yayaya.elf  > "yayaya.list"
   text	   data	    bss	    dec	    hex	filename
  38364	   1380	   6924	  46668	   b64c	yayaya.elf
Finished building: default.size.stdout
 
Finished building: yayaya.list
 
11:22:24 **** Incremental Build of configuration Debug for project yayaya ****
make -j12 all 
arm-none-eabi-size   yayaya.elf 
   text	   data	    bss	    dec	    hex	filename
  38364	   1380	   6924	  46668	   b64c	yayaya.elf
Finished building: default.size.stdout
 
11:23:56 **** Clean-only build of configuration Debug for project motor_testing ****
make -j12 clean 
rm -rf ./Middlewares/MotorControl/bus_voltage_sensor.cyclo ./Middlewares/MotorControl/bus_voltage_sensor.d ./Middlewares/MotorControl/bus_voltage_sensor.o ./Middlewares/MotorControl/bus_voltage_sensor.su ./Middlewares/MotorControl/circle_limitation.cyclo ./Middlewares/MotorControl/circle_limitation.d ./Middlewares/MotorControl/circle_limitation.o ./Middlewares/MotorControl/circle_limitation.su ./Middlewares/MotorControl/digital_output.cyclo ./Middlewares/MotorControl/digital_output.d ./Middlewares/MotorControl/digital_output.o ./Middlewares/MotorControl/digital_output.su ./Middlewares/MotorControl/mcp.cyclo ./Middlewares/MotorControl/mcp.d ./Middlewares/MotorControl/mcp.o ./Middlewares/MotorControl/mcp.su ./Middlewares/MotorControl/mcpa.cyclo ./Middlewares/MotorControl/mcpa.d ./Middlewares/MotorControl/mcpa.o ./Middlewares/MotorControl/mcpa.su ./Middlewares/MotorControl/ntc_temperature_sensor.cyclo ./Middlewares/MotorControl/ntc_temperature_sensor.d ./Middlewares/MotorControl/ntc_temperature_sensor.o ./Middlewares/MotorControl/ntc_temperature_sensor.su ./Middlewares/MotorControl/open_loop.cyclo ./Middlewares/MotorControl/open_loop.d ./Middlewares/MotorControl/open_loop.o ./Middlewares/MotorControl/open_loop.su ./Middlewares/MotorControl/pid_regulator.cyclo ./Middlewares/MotorControl/pid_regulator.d ./Middlewares/MotorControl/pid_regulator.o ./Middlewares/MotorControl/pid_regulator.su ./Middlewares/MotorControl/pqd_motor_power_measurement.cyclo ./Middlewares/MotorControl/pqd_motor_power_measurement.d ./Middlewares/MotorControl/pqd_motor_power_measurement.o ./Middlewares/MotorControl/pqd_motor_power_measurement.su ./Middlewares/MotorControl/pwm_common.cyclo ./Middlewares/MotorControl/pwm_common.d ./Middlewares/MotorControl/pwm_common.o ./Middlewares/MotorControl/pwm_common.su ./Middlewares/MotorControl/r3_2_g4xx_pwm_curr_fdbk.cyclo ./Middlewares/MotorControl/r3_2_g4xx_pwm_curr_fdbk.d ./Middlewares/MotorControl/r3_2_g4xx_pwm_curr_fdbk.o ./Middlewares/MotorControl/r3_2_g4xx_pwm_curr_fdbk.su ./Middlewares/MotorControl/r_divider_bus_voltage_sensor.cyclo ./Middlewares/MotorControl/r_divider_bus_voltage_sensor.d ./Middlewares/MotorControl/r_divider_bus_voltage_sensor.o ./Middlewares/MotorControl/r_divider_bus_voltage_sensor.su ./Middlewares/MotorControl/ramp_ext_mngr.cyclo ./Middlewares/MotorControl/ramp_ext_mngr.d ./Middlewares/MotorControl/ramp_ext_mngr.o ./Middlewares/MotorControl/ramp_ext_mngr.su ./Middlewares/MotorControl/revup_ctrl.cyclo ./Middlewares/MotorControl/revup_ctrl.d ./Middlewares/MotorControl/revup_ctrl.o ./Middlewares/MotorControl/revup_ctrl.su ./Middlewares/MotorControl/speed_pos_fdbk.cyclo ./Middlewares/MotorControl/speed_pos_fdbk.d ./Middlewares/MotorControl/speed_pos_fdbk.o ./Middlewares/MotorControl/speed_pos_fdbk.su ./Middlewares/MotorControl/speed_torq_ctrl.cyclo ./Middlewares/MotorControl/speed_torq_ctrl.d ./Middlewares/MotorControl/speed_torq_ctrl.o ./Middlewares/MotorControl/speed_torq_ctrl.su ./Middlewares/MotorControl/sto_pll_speed_pos_fdbk.cyclo ./Middlewares/MotorControl/sto_pll_speed_pos_fdbk.d ./Middlewares/MotorControl/sto_pll_speed_pos_fdbk.o ./Middlewares/MotorControl/sto_pll_speed_pos_fdbk.su ./Middlewares/MotorControl/virtual_speed_sensor.cyclo ./Middlewares/MotorControl/virtual_speed_sensor.d ./Middlewares/MotorControl/virtual_speed_sensor.o ./Middlewares/MotorControl/virtual_speed_sensor.su
rm -rf ./Drivers/STM32G4xx_HAL_Driver/stm32g4xx_hal.cyclo ./Drivers/STM32G4xx_HAL_Driver/stm32g4xx_hal.d ./Drivers/STM32G4xx_HAL_Driver/stm32g4xx_hal.o ./Drivers/STM32G4xx_HAL_Driver/stm32g4xx_hal.su ./Drivers/STM32G4xx_HAL_Driver/stm32g4xx_hal_adc.cyclo ./Drivers/STM32G4xx_HAL_Driver/stm32g4xx_hal_adc.d ./Drivers/STM32G4xx_HAL_Driver/stm32g4xx_hal_adc.o ./Drivers/STM32G4xx_HAL_Driver/stm32g4xx_hal_adc.su ./Drivers/STM32G4xx_HAL_Driver/stm32g4xx_hal_adc_ex.cyclo ./Drivers/STM32G4xx_HAL_Driver/stm32g4xx_hal_adc_ex.d ./Drivers/STM32G4xx_HAL_Driver/stm32g4xx_hal_adc_ex.o ./Drivers/STM32G4xx_HAL_Driver/stm32g4xx_hal_adc_ex.su ./Drivers/STM32G4xx_HAL_Driver/stm32g4xx_hal_cordic.cyclo ./Drivers/STM32G4xx_HAL_Driver/stm32g4xx_hal_cordic.d ./Drivers/STM32G4xx_HAL_Driver/stm32g4xx_hal_cordic.o ./Drivers/STM32G4xx_HAL_Driver/stm32g4xx_hal_cordic.su ./Drivers/STM32G4xx_HAL_Driver/stm32g4xx_hal_cortex.cyclo ./Drivers/STM32G4xx_HAL_Driver/stm32g4xx_hal_cortex.d ./Drivers/STM32G4xx_HAL_Driver/stm32g4xx_hal_cortex.o ./Drivers/STM32G4xx_HAL_Driver/stm32g4xx_hal_cortex.su ./Drivers/STM32G4xx_HAL_Driver/stm32g4xx_hal_dma.cyclo ./Drivers/STM32G4xx_HAL_Driver/stm32g4xx_hal_dma.d ./Drivers/STM32G4xx_HAL_Driver/stm32g4xx_hal_dma.o ./Drivers/STM32G4xx_HAL_Driver/stm32g4xx_hal_dma.su ./Drivers/STM32G4xx_HAL_Driver/stm32g4xx_hal_dma_ex.cyclo ./Drivers/STM32G4xx_HAL_Driver/stm32g4xx_hal_dma_ex.d ./Drivers/STM32G4xx_HAL_Driver/stm32g4xx_hal_dma_ex.o ./Drivers/STM32G4xx_HAL_Driver/stm32g4xx_hal_dma_ex.su ./Drivers/STM32G4xx_HAL_Driver/stm32g4xx_hal_exti.cyclo ./Drivers/STM32G4xx_HAL_Driver/stm32g4xx_hal_exti.d ./Drivers/STM32G4xx_HAL_Driver/stm32g4xx_hal_exti.o ./Drivers/STM32G4xx_HAL_Driver/stm32g4xx_hal_exti.su ./Drivers/STM32G4xx_HAL_Driver/stm32g4xx_hal_flash.cyclo ./Drivers/STM32G4xx_HAL_Driver/stm32g4xx_hal_flash.d ./Drivers/STM32G4xx_HAL_Driver/stm32g4xx_hal_flash.o ./Drivers/STM32G4xx_HAL_Driver/stm32g4xx_hal_flash.su ./Drivers/STM32G4xx_HAL_Driver/stm32g4xx_hal_flash_ex.cyclo ./Drivers/STM32G4xx_HAL_Driver/stm32g4xx_hal_flash_ex.d ./Drivers/STM32G4xx_HAL_Driver/stm32g4xx_hal_flash_ex.o ./Drivers/STM32G4xx_HAL_Driver/stm32g4xx_hal_flash_ex.su ./Drivers/STM32G4xx_HAL_Driver/stm32g4xx_hal_flash_ramfunc.cyclo ./Drivers/STM32G4xx_HAL_Driver/stm32g4xx_hal_flash_ramfunc.d ./Drivers/STM32G4xx_HAL_Driver/stm32g4xx_hal_flash_ramfunc.o ./Drivers/STM32G4xx_HAL_Driver/stm32g4xx_hal_flash_ramfunc.su ./Drivers/STM32G4xx_HAL_Driver/stm32g4xx_hal_gpio.cyclo ./Drivers/STM32G4xx_HAL_Driver/stm32g4xx_hal_gpio.d ./Drivers/STM32G4xx_HAL_Driver/stm32g4xx_hal_gpio.o ./Drivers/STM32G4xx_HAL_Driver/stm32g4xx_hal_gpio.su ./Drivers/STM32G4xx_HAL_Driver/stm32g4xx_hal_pwr.cyclo ./Drivers/STM32G4xx_HAL_Driver/stm32g4xx_hal_pwr.d ./Drivers/STM32G4xx_HAL_Driver/stm32g4xx_hal_pwr.o ./Drivers/STM32G4xx_HAL_Driver/stm32g4xx_hal_pwr.su ./Drivers/STM32G4xx_HAL_Driver/stm32g4xx_hal_pwr_ex.cyclo ./Drivers/STM32G4xx_HAL_Driver/stm32g4xx_hal_pwr_ex.d ./Drivers/STM32G4xx_HAL_Driver/stm32g4xx_hal_pwr_ex.o ./Drivers/STM32G4xx_HAL_Driver/stm32g4xx_hal_pwr_ex.su ./Drivers/STM32G4xx_HAL_Driver/stm32g4xx_hal_rcc.cyclo ./Drivers/STM32G4xx_HAL_Driver/stm32g4xx_hal_rcc.d ./Drivers/STM32G4xx_HAL_Driver/stm32g4xx_hal_rcc.o ./Drivers/STM32G4xx_HAL_Driver/stm32g4xx_hal_rcc.su ./Drivers/STM32G4xx_HAL_Driver/stm32g4xx_hal_rcc_ex.cyclo ./Drivers/STM32G4xx_HAL_Driver/stm32g4xx_hal_rcc_ex.d ./Drivers/STM32G4xx_HAL_Driver/stm32g4xx_hal_rcc_ex.o ./Drivers/STM32G4xx_HAL_Driver/stm32g4xx_hal_rcc_ex.su ./Drivers/STM32G4xx_HAL_Driver/stm32g4xx_hal_tim.cyclo ./Drivers/STM32G4xx_HAL_Driver/stm32g4xx_hal_tim.d ./Drivers/STM32G4xx_HAL_Driver/stm32g4xx_hal_tim.o ./Drivers/STM32G4xx_HAL_Driver/stm32g4xx_hal_tim.su ./Drivers/STM32G4xx_HAL_Driver/stm32g4xx_hal_tim_ex.cyclo ./Drivers/STM32G4xx_HAL_Driver/stm32g4xx_hal_tim_ex.d ./Drivers/STM32G4xx_HAL_Driver/stm32g4xx_hal_tim_ex.o ./Drivers/STM32G4xx_HAL_Driver/stm32g4xx_hal_tim_ex.su ./Drivers/STM32G4xx_HAL_Driver/stm32g4xx_hal_uart.cyclo ./Drivers/STM32G4xx_HAL_Driver/stm32g4xx_hal_uart.d ./Drivers/STM32G4xx_HAL_Driver/stm32g4xx_hal_uart.o ./Drivers/STM32G4xx_HAL_Driver/stm32g4xx_hal_uart.su ./Drivers/STM32G4xx_HAL_Driver/stm32g4xx_hal_uart_ex.cyclo ./Drivers/STM32G4xx_HAL_Driver/stm32g4xx_hal_uart_ex.d ./Drivers/STM32G4xx_HAL_Driver/stm32g4xx_hal_uart_ex.o ./Drivers/STM32G4xx_HAL_Driver/stm32g4xx_hal_uart_ex.su ./Drivers/STM32G4xx_HAL_Driver/stm32g4xx_ll_adc.cyclo ./Drivers/STM32G4xx_HAL_Driver/stm32g4xx_ll_adc.d ./Drivers/STM32G4xx_HAL_Driver/stm32g4xx_ll_adc.o ./Drivers/STM32G4xx_HAL_Driver/stm32g4xx_ll_adc.su
rm -rf ./Drivers/CMSIS/system_stm32g4xx.cyclo ./Drivers/CMSIS/system_stm32g4xx.d ./Drivers/CMSIS/system_stm32g4xx.o ./Drivers/CMSIS/system_stm32g4xx.su
rm -rf ./Application/User/aspep.cyclo ./Application/User/aspep.d ./Application/User/aspep.o ./Application/User/aspep.su ./Application/User/main.cyclo ./Application/User/main.d ./Application/User/main.o ./Application/User/main.su ./Application/User/mc_api.cyclo ./Application/User/mc_api.d ./Application/User/mc_api.o ./Application/User/mc_api.su ./Application/User/mc_app_hooks.cyclo ./Application/User/mc_app_hooks.d ./Application/User/mc_app_hooks.o ./Application/User/mc_app_hooks.su ./Application/User/mc_config.cyclo ./Application/User/mc_config.d ./Application/User/mc_config.o ./Application/User/mc_config.su ./Application/User/mc_configuration_registers.cyclo ./Application/User/mc_configuration_registers.d ./Application/User/mc_configuration_registers.o ./Application/User/mc_configuration_registers.su ./Application/User/mc_interface.cyclo ./Application/User/mc_interface.d ./Application/User/mc_interface.o ./Application/User/mc_interface.su ./Application/User/mc_math.cyclo ./Application/User/mc_math.d ./Application/User/mc_math.o ./Application/User/mc_math.su ./Application/User/mc_parameters.cyclo ./Application/User/mc_parameters.d ./Application/User/mc_parameters.o ./Application/User/mc_parameters.su ./Application/User/mc_perf.cyclo ./Application/User/mc_perf.d ./Application/User/mc_perf.o ./Application/User/mc_perf.su ./Application/User/mc_tasks.cyclo ./Application/User/mc_tasks.d ./Application/User/mc_tasks.o ./Application/User/mc_tasks.su ./Application/User/mcp_config.cyclo ./Application/User/mcp_config.d ./Application/User/mcp_config.o ./Application/User/mcp_config.su ./Application/User/motorcontrol.cyclo ./Application/User/motorcontrol.d ./Application/User/motorcontrol.o ./Application/User/motorcontrol.su ./Application/User/pwm_curr_fdbk.cyclo ./Application/User/pwm_curr_fdbk.d ./Application/User/pwm_curr_fdbk.o ./Application/User/pwm_curr_fdbk.su ./Application/User/register_interface.cyclo ./Application/User/register_interface.d ./Application/User/register_interface.o ./Application/User/register_interface.su ./Application/User/regular_conversion_manager.cyclo ./Application/User/regular_conversion_manager.d ./Application/User/regular_conversion_manager.o ./Application/User/regular_conversion_manager.su ./Application/User/stm32g4xx_hal_msp.cyclo ./Application/User/stm32g4xx_hal_msp.d ./Application/User/stm32g4xx_hal_msp.o ./Application/User/stm32g4xx_hal_msp.su ./Application/User/stm32g4xx_it.cyclo ./Application/User/stm32g4xx_it.d ./Application/User/stm32g4xx_it.o ./Application/User/stm32g4xx_it.su ./Application/User/stm32g4xx_mc_it.cyclo ./Application/User/stm32g4xx_mc_it.d ./Application/User/stm32g4xx_mc_it.o ./Application/User/stm32g4xx_mc_it.su ./Application/User/syscalls.cyclo ./Application/User/syscalls.d ./Application/User/syscalls.o ./Application/User/syscalls.su ./Application/User/sysmem.cyclo ./Application/User/sysmem.d ./Application/User/sysmem.o ./Application/User/sysmem.su ./Application/User/usart_aspep_driver.cyclo ./Application/User/usart_aspep_driver.d ./Application/User/usart_aspep_driver.o ./Application/User/usart_aspep_driver.su
rm -rf ./Application/Startup/startup_stm32g431rbtx.d ./Application/Startup/startup_stm32g431rbtx.o
rm -rf default.size.stdout yayaya.elf yayaya.list yayaya.map
 
11:23:57 **** Build of configuration Debug for project motor_testing ****
make -j12 all 
arm-none-eabi-gcc "C:/Users/brans/Desktop/yayaya/MCSDK_v6.1.1-Full/MotorControl/MCSDK/MCLib/Any/Src/bus_voltage_sensor.c" -mcpu=cortex-m4 -std=gnu11 -g3 -DDEBUG -DARM_MATH_CM4 -DUSE_HAL_DRIVER -DSTM32G431xx -c -I../../Inc -I../../Drivers/STM32G4xx_HAL_Driver/Inc -I../../Drivers/STM32G4xx_HAL_Driver/Inc/Legacy -I../../MCSDK_v6.1.1-Full/MotorControl/MCSDK/MCLib/Any/Inc -I../../MCSDK_v6.1.1-Full/MotorControl/MCSDK/MCLib/G4xx/Inc -I../../Drivers/CMSIS/Device/ST/STM32G4xx/Include -I../../Drivers/CMSIS/Include -I../../Drivers/CMSIS/DSP/Include -Ofast -ffunction-sections -fdata-sections -Wall -fstack-usage -fcyclomatic-complexity -MMD -MP -MF"Middlewares/MotorControl/bus_voltage_sensor.d" -MT"Middlewares/MotorControl/bus_voltage_sensor.o" --specs=nano.specs -mfpu=fpv4-sp-d16 -mfloat-abi=hard -mthumb -o "Middlewares/MotorControl/bus_voltage_sensor.o"
arm-none-eabi-gcc "C:/Users/brans/Desktop/yayaya/MCSDK_v6.1.1-Full/MotorControl/MCSDK/MCLib/Any/Src/circle_limitation.c" -mcpu=cortex-m4 -std=gnu11 -g3 -DDEBUG -DARM_MATH_CM4 -DUSE_HAL_DRIVER -DSTM32G431xx -c -I../../Inc -I../../Drivers/STM32G4xx_HAL_Driver/Inc -I../../Drivers/STM32G4xx_HAL_Driver/Inc/Legacy -I../../MCSDK_v6.1.1-Full/MotorControl/MCSDK/MCLib/Any/Inc -I../../MCSDK_v6.1.1-Full/MotorControl/MCSDK/MCLib/G4xx/Inc -I../../Drivers/CMSIS/Device/ST/STM32G4xx/Include -I../../Drivers/CMSIS/Include -I../../Drivers/CMSIS/DSP/Include -Ofast -ffunction-sections -fdata-sections -Wall -fstack-usage -fcyclomatic-complexity -MMD -MP -MF"Middlewares/MotorControl/circle_limitation.d" -MT"Middlewares/MotorControl/circle_limitation.o" --specs=nano.specs -mfpu=fpv4-sp-d16 -mfloat-abi=hard -mthumb -o "Middlewares/MotorControl/circle_limitation.o"
arm-none-eabi-gcc "C:/Users/brans/Desktop/yayaya/MCSDK_v6.1.1-Full/MotorControl/MCSDK/MCLib/Any/Src/digital_output.c" -mcpu=cortex-m4 -std=gnu11 -g3 -DDEBUG -DARM_MATH_CM4 -DUSE_HAL_DRIVER -DSTM32G431xx -c -I../../Inc -I../../Drivers/STM32G4xx_HAL_Driver/Inc -I../../Drivers/STM32G4xx_HAL_Driver/Inc/Legacy -I../../MCSDK_v6.1.1-Full/MotorControl/MCSDK/MCLib/Any/Inc -I../../MCSDK_v6.1.1-Full/MotorControl/MCSDK/MCLib/G4xx/Inc -I../../Drivers/CMSIS/Device/ST/STM32G4xx/Include -I../../Drivers/CMSIS/Include -I../../Drivers/CMSIS/DSP/Include -Ofast -ffunction-sections -fdata-sections -Wall -fstack-usage -fcyclomatic-complexity -MMD -MP -MF"Middlewares/MotorControl/digital_output.d" -MT"Middlewares/MotorControl/digital_output.o" --specs=nano.specs -mfpu=fpv4-sp-d16 -mfloat-abi=hard -mthumb -o "Middlewares/MotorControl/digital_output.o"
arm-none-eabi-gcc "C:/Users/brans/Desktop/yayaya/MCSDK_v6.1.1-Full/MotorControl/MCSDK/MCLib/Any/Src/mcp.c" -mcpu=cortex-m4 -std=gnu11 -g3 -DDEBUG -DARM_MATH_CM4 -DUSE_HAL_DRIVER -DSTM32G431xx -c -I../../Inc -I../../Drivers/STM32G4xx_HAL_Driver/Inc -I../../Drivers/STM32G4xx_HAL_Driver/Inc/Legacy -I../../MCSDK_v6.1.1-Full/MotorControl/MCSDK/MCLib/Any/Inc -I../../MCSDK_v6.1.1-Full/MotorControl/MCSDK/MCLib/G4xx/Inc -I../../Drivers/CMSIS/Device/ST/STM32G4xx/Include -I../../Drivers/CMSIS/Include -I../../Drivers/CMSIS/DSP/Include -Ofast -ffunction-sections -fdata-sections -Wall -fstack-usage -fcyclomatic-complexity -MMD -MP -MF"Middlewares/MotorControl/mcp.d" -MT"Middlewares/MotorControl/mcp.o" --specs=nano.specs -mfpu=fpv4-sp-d16 -mfloat-abi=hard -mthumb -o "Middlewares/MotorControl/mcp.o"
arm-none-eabi-gcc "C:/Users/brans/Desktop/yayaya/MCSDK_v6.1.1-Full/MotorControl/MCSDK/MCLib/Any/Src/mcpa.c" -mcpu=cortex-m4 -std=gnu11 -g3 -DDEBUG -DARM_MATH_CM4 -DUSE_HAL_DRIVER -DSTM32G431xx -c -I../../Inc -I../../Drivers/STM32G4xx_HAL_Driver/Inc -I../../Drivers/STM32G4xx_HAL_Driver/Inc/Legacy -I../../MCSDK_v6.1.1-Full/MotorControl/MCSDK/MCLib/Any/Inc -I../../MCSDK_v6.1.1-Full/MotorControl/MCSDK/MCLib/G4xx/Inc -I../../Drivers/CMSIS/Device/ST/STM32G4xx/Include -I../../Drivers/CMSIS/Include -I../../Drivers/CMSIS/DSP/Include -Ofast -ffunction-sections -fdata-sections -Wall -fstack-usage -fcyclomatic-complexity -MMD -MP -MF"Middlewares/MotorControl/mcpa.d" -MT"Middlewares/MotorControl/mcpa.o" --specs=nano.specs -mfpu=fpv4-sp-d16 -mfloat-abi=hard -mthumb -o "Middlewares/MotorControl/mcpa.o"
arm-none-eabi-gcc "C:/Users/brans/Desktop/yayaya/MCSDK_v6.1.1-Full/MotorControl/MCSDK/MCLib/Any/Src/ntc_temperature_sensor.c" -mcpu=cortex-m4 -std=gnu11 -g3 -DDEBUG -DARM_MATH_CM4 -DUSE_HAL_DRIVER -DSTM32G431xx -c -I../../Inc -I../../Drivers/STM32G4xx_HAL_Driver/Inc -I../../Drivers/STM32G4xx_HAL_Driver/Inc/Legacy -I../../MCSDK_v6.1.1-Full/MotorControl/MCSDK/MCLib/Any/Inc -I../../MCSDK_v6.1.1-Full/MotorControl/MCSDK/MCLib/G4xx/Inc -I../../Drivers/CMSIS/Device/ST/STM32G4xx/Include -I../../Drivers/CMSIS/Include -I../../Drivers/CMSIS/DSP/Include -Ofast -ffunction-sections -fdata-sections -Wall -fstack-usage -fcyclomatic-complexity -MMD -MP -MF"Middlewares/MotorControl/ntc_temperature_sensor.d" -MT"Middlewares/MotorControl/ntc_temperature_sensor.o" --specs=nano.specs -mfpu=fpv4-sp-d16 -mfloat-abi=hard -mthumb -o "Middlewares/MotorControl/ntc_temperature_sensor.o"
arm-none-eabi-gcc "C:/Users/brans/Desktop/yayaya/MCSDK_v6.1.1-Full/MotorControl/MCSDK/MCLib/Any/Src/open_loop.c" -mcpu=cortex-m4 -std=gnu11 -g3 -DDEBUG -DARM_MATH_CM4 -DUSE_HAL_DRIVER -DSTM32G431xx -c -I../../Inc -I../../Drivers/STM32G4xx_HAL_Driver/Inc -I../../Drivers/STM32G4xx_HAL_Driver/Inc/Legacy -I../../MCSDK_v6.1.1-Full/MotorControl/MCSDK/MCLib/Any/Inc -I../../MCSDK_v6.1.1-Full/MotorControl/MCSDK/MCLib/G4xx/Inc -I../../Drivers/CMSIS/Device/ST/STM32G4xx/Include -I../../Drivers/CMSIS/Include -I../../Drivers/CMSIS/DSP/Include -Ofast -ffunction-sections -fdata-sections -Wall -fstack-usage -fcyclomatic-complexity -MMD -MP -MF"Middlewares/MotorControl/open_loop.d" -MT"Middlewares/MotorControl/open_loop.o" --specs=nano.specs -mfpu=fpv4-sp-d16 -mfloat-abi=hard -mthumb -o "Middlewares/MotorControl/open_loop.o"
arm-none-eabi-gcc "C:/Users/brans/Desktop/yayaya/MCSDK_v6.1.1-Full/MotorControl/MCSDK/MCLib/Any/Src/pid_regulator.c" -mcpu=cortex-m4 -std=gnu11 -g3 -DDEBUG -DARM_MATH_CM4 -DUSE_HAL_DRIVER -DSTM32G431xx -c -I../../Inc -I../../Drivers/STM32G4xx_HAL_Driver/Inc -I../../Drivers/STM32G4xx_HAL_Driver/Inc/Legacy -I../../MCSDK_v6.1.1-Full/MotorControl/MCSDK/MCLib/Any/Inc -I../../MCSDK_v6.1.1-Full/MotorControl/MCSDK/MCLib/G4xx/Inc -I../../Drivers/CMSIS/Device/ST/STM32G4xx/Include -I../../Drivers/CMSIS/Include -I../../Drivers/CMSIS/DSP/Include -Ofast -ffunction-sections -fdata-sections -Wall -fstack-usage -fcyclomatic-complexity -MMD -MP -MF"Middlewares/MotorControl/pid_regulator.d" -MT"Middlewares/MotorControl/pid_regulator.o" --specs=nano.specs -mfpu=fpv4-sp-d16 -mfloat-abi=hard -mthumb -o "Middlewares/MotorControl/pid_regulator.o"
arm-none-eabi-gcc "C:/Users/brans/Desktop/yayaya/MCSDK_v6.1.1-Full/MotorControl/MCSDK/MCLib/Any/Src/pqd_motor_power_measurement.c" -mcpu=cortex-m4 -std=gnu11 -g3 -DDEBUG -DARM_MATH_CM4 -DUSE_HAL_DRIVER -DSTM32G431xx -c -I../../Inc -I../../Drivers/STM32G4xx_HAL_Driver/Inc -I../../Drivers/STM32G4xx_HAL_Driver/Inc/Legacy -I../../MCSDK_v6.1.1-Full/MotorControl/MCSDK/MCLib/Any/Inc -I../../MCSDK_v6.1.1-Full/MotorControl/MCSDK/MCLib/G4xx/Inc -I../../Drivers/CMSIS/Device/ST/STM32G4xx/Include -I../../Drivers/CMSIS/Include -I../../Drivers/CMSIS/DSP/Include -Ofast -ffunction-sections -fdata-sections -Wall -fstack-usage -fcyclomatic-complexity -MMD -MP -MF"Middlewares/MotorControl/pqd_motor_power_measurement.d" -MT"Middlewares/MotorControl/pqd_motor_power_measurement.o" --specs=nano.specs -mfpu=fpv4-sp-d16 -mfloat-abi=hard -mthumb -o "Middlewares/MotorControl/pqd_motor_power_measurement.o"
arm-none-eabi-gcc "C:/Users/brans/Desktop/yayaya/MCSDK_v6.1.1-Full/MotorControl/MCSDK/MCLib/Any/Src/pwm_common.c" -mcpu=cortex-m4 -std=gnu11 -g3 -DDEBUG -DARM_MATH_CM4 -DUSE_HAL_DRIVER -DSTM32G431xx -c -I../../Inc -I../../Drivers/STM32G4xx_HAL_Driver/Inc -I../../Drivers/STM32G4xx_HAL_Driver/Inc/Legacy -I../../MCSDK_v6.1.1-Full/MotorControl/MCSDK/MCLib/Any/Inc -I../../MCSDK_v6.1.1-Full/MotorControl/MCSDK/MCLib/G4xx/Inc -I../../Drivers/CMSIS/Device/ST/STM32G4xx/Include -I../../Drivers/CMSIS/Include -I../../Drivers/CMSIS/DSP/Include -Ofast -ffunction-sections -fdata-sections -Wall -fstack-usage -fcyclomatic-complexity -MMD -MP -MF"Middlewares/MotorControl/pwm_common.d" -MT"Middlewares/MotorControl/pwm_common.o" --specs=nano.specs -mfpu=fpv4-sp-d16 -mfloat-abi=hard -mthumb -o "Middlewares/MotorControl/pwm_common.o"
arm-none-eabi-gcc "C:/Users/brans/Desktop/yayaya/MCSDK_v6.1.1-Full/MotorControl/MCSDK/MCLib/G4xx/Src/r3_2_g4xx_pwm_curr_fdbk.c" -mcpu=cortex-m4 -std=gnu11 -g3 -DDEBUG -DARM_MATH_CM4 -DUSE_HAL_DRIVER -DSTM32G431xx -c -I../../Inc -I../../Drivers/STM32G4xx_HAL_Driver/Inc -I../../Drivers/STM32G4xx_HAL_Driver/Inc/Legacy -I../../MCSDK_v6.1.1-Full/MotorControl/MCSDK/MCLib/Any/Inc -I../../MCSDK_v6.1.1-Full/MotorControl/MCSDK/MCLib/G4xx/Inc -I../../Drivers/CMSIS/Device/ST/STM32G4xx/Include -I../../Drivers/CMSIS/Include -I../../Drivers/CMSIS/DSP/Include -Ofast -ffunction-sections -fdata-sections -Wall -fstack-usage -fcyclomatic-complexity -MMD -MP -MF"Middlewares/MotorControl/r3_2_g4xx_pwm_curr_fdbk.d" -MT"Middlewares/MotorControl/r3_2_g4xx_pwm_curr_fdbk.o" --specs=nano.specs -mfpu=fpv4-sp-d16 -mfloat-abi=hard -mthumb -o "Middlewares/MotorControl/r3_2_g4xx_pwm_curr_fdbk.o"
arm-none-eabi-gcc "C:/Users/brans/Desktop/yayaya/MCSDK_v6.1.1-Full/MotorControl/MCSDK/MCLib/Any/Src/r_divider_bus_voltage_sensor.c" -mcpu=cortex-m4 -std=gnu11 -g3 -DDEBUG -DARM_MATH_CM4 -DUSE_HAL_DRIVER -DSTM32G431xx -c -I../../Inc -I../../Drivers/STM32G4xx_HAL_Driver/Inc -I../../Drivers/STM32G4xx_HAL_Driver/Inc/Legacy -I../../MCSDK_v6.1.1-Full/MotorControl/MCSDK/MCLib/Any/Inc -I../../MCSDK_v6.1.1-Full/MotorControl/MCSDK/MCLib/G4xx/Inc -I../../Drivers/CMSIS/Device/ST/STM32G4xx/Include -I../../Drivers/CMSIS/Include -I../../Drivers/CMSIS/DSP/Include -Ofast -ffunction-sections -fdata-sections -Wall -fstack-usage -fcyclomatic-complexity -MMD -MP -MF"Middlewares/MotorControl/r_divider_bus_voltage_sensor.d" -MT"Middlewares/MotorControl/r_divider_bus_voltage_sensor.o" --specs=nano.specs -mfpu=fpv4-sp-d16 -mfloat-abi=hard -mthumb -o "Middlewares/MotorControl/r_divider_bus_voltage_sensor.o"
arm-none-eabi-gcc "C:/Users/brans/Desktop/yayaya/MCSDK_v6.1.1-Full/MotorControl/MCSDK/MCLib/Any/Src/ramp_ext_mngr.c" -mcpu=cortex-m4 -std=gnu11 -g3 -DDEBUG -DARM_MATH_CM4 -DUSE_HAL_DRIVER -DSTM32G431xx -c -I../../Inc -I../../Drivers/STM32G4xx_HAL_Driver/Inc -I../../Drivers/STM32G4xx_HAL_Driver/Inc/Legacy -I../../MCSDK_v6.1.1-Full/MotorControl/MCSDK/MCLib/Any/Inc -I../../MCSDK_v6.1.1-Full/MotorControl/MCSDK/MCLib/G4xx/Inc -I../../Drivers/CMSIS/Device/ST/STM32G4xx/Include -I../../Drivers/CMSIS/Include -I../../Drivers/CMSIS/DSP/Include -Ofast -ffunction-sections -fdata-sections -Wall -fstack-usage -fcyclomatic-complexity -MMD -MP -MF"Middlewares/MotorControl/ramp_ext_mngr.d" -MT"Middlewares/MotorControl/ramp_ext_mngr.o" --specs=nano.specs -mfpu=fpv4-sp-d16 -mfloat-abi=hard -mthumb -o "Middlewares/MotorControl/ramp_ext_mngr.o"
arm-none-eabi-gcc "C:/Users/brans/Desktop/yayaya/MCSDK_v6.1.1-Full/MotorControl/MCSDK/MCLib/Any/Src/revup_ctrl.c" -mcpu=cortex-m4 -std=gnu11 -g3 -DDEBUG -DARM_MATH_CM4 -DUSE_HAL_DRIVER -DSTM32G431xx -c -I../../Inc -I../../Drivers/STM32G4xx_HAL_Driver/Inc -I../../Drivers/STM32G4xx_HAL_Driver/Inc/Legacy -I../../MCSDK_v6.1.1-Full/MotorControl/MCSDK/MCLib/Any/Inc -I../../MCSDK_v6.1.1-Full/MotorControl/MCSDK/MCLib/G4xx/Inc -I../../Drivers/CMSIS/Device/ST/STM32G4xx/Include -I../../Drivers/CMSIS/Include -I../../Drivers/CMSIS/DSP/Include -Ofast -ffunction-sections -fdata-sections -Wall -fstack-usage -fcyclomatic-complexity -MMD -MP -MF"Middlewares/MotorControl/revup_ctrl.d" -MT"Middlewares/MotorControl/revup_ctrl.o" --specs=nano.specs -mfpu=fpv4-sp-d16 -mfloat-abi=hard -mthumb -o "Middlewares/MotorControl/revup_ctrl.o"
arm-none-eabi-gcc "C:/Users/brans/Desktop/yayaya/MCSDK_v6.1.1-Full/MotorControl/MCSDK/MCLib/Any/Src/speed_pos_fdbk.c" -mcpu=cortex-m4 -std=gnu11 -g3 -DDEBUG -DARM_MATH_CM4 -DUSE_HAL_DRIVER -DSTM32G431xx -c -I../../Inc -I../../Drivers/STM32G4xx_HAL_Driver/Inc -I../../Drivers/STM32G4xx_HAL_Driver/Inc/Legacy -I../../MCSDK_v6.1.1-Full/MotorControl/MCSDK/MCLib/Any/Inc -I../../MCSDK_v6.1.1-Full/MotorControl/MCSDK/MCLib/G4xx/Inc -I../../Drivers/CMSIS/Device/ST/STM32G4xx/Include -I../../Drivers/CMSIS/Include -I../../Drivers/CMSIS/DSP/Include -Ofast -ffunction-sections -fdata-sections -Wall -fstack-usage -fcyclomatic-complexity -MMD -MP -MF"Middlewares/MotorControl/speed_pos_fdbk.d" -MT"Middlewares/MotorControl/speed_pos_fdbk.o" --specs=nano.specs -mfpu=fpv4-sp-d16 -mfloat-abi=hard -mthumb -o "Middlewares/MotorControl/speed_pos_fdbk.o"
arm-none-eabi-gcc "C:/Users/brans/Desktop/yayaya/MCSDK_v6.1.1-Full/MotorControl/MCSDK/MCLib/Any/Src/speed_torq_ctrl.c" -mcpu=cortex-m4 -std=gnu11 -g3 -DDEBUG -DARM_MATH_CM4 -DUSE_HAL_DRIVER -DSTM32G431xx -c -I../../Inc -I../../Drivers/STM32G4xx_HAL_Driver/Inc -I../../Drivers/STM32G4xx_HAL_Driver/Inc/Legacy -I../../MCSDK_v6.1.1-Full/MotorControl/MCSDK/MCLib/Any/Inc -I../../MCSDK_v6.1.1-Full/MotorControl/MCSDK/MCLib/G4xx/Inc -I../../Drivers/CMSIS/Device/ST/STM32G4xx/Include -I../../Drivers/CMSIS/Include -I../../Drivers/CMSIS/DSP/Include -Ofast -ffunction-sections -fdata-sections -Wall -fstack-usage -fcyclomatic-complexity -MMD -MP -MF"Middlewares/MotorControl/speed_torq_ctrl.d" -MT"Middlewares/MotorControl/speed_torq_ctrl.o" --specs=nano.specs -mfpu=fpv4-sp-d16 -mfloat-abi=hard -mthumb -o "Middlewares/MotorControl/speed_torq_ctrl.o"
arm-none-eabi-gcc "C:/Users/brans/Desktop/yayaya/MCSDK_v6.1.1-Full/MotorControl/MCSDK/MCLib/Any/Src/sto_pll_speed_pos_fdbk.c" -mcpu=cortex-m4 -std=gnu11 -g3 -DDEBUG -DARM_MATH_CM4 -DUSE_HAL_DRIVER -DSTM32G431xx -c -I../../Inc -I../../Drivers/STM32G4xx_HAL_Driver/Inc -I../../Drivers/STM32G4xx_HAL_Driver/Inc/Legacy -I../../MCSDK_v6.1.1-Full/MotorControl/MCSDK/MCLib/Any/Inc -I../../MCSDK_v6.1.1-Full/MotorControl/MCSDK/MCLib/G4xx/Inc -I../../Drivers/CMSIS/Device/ST/STM32G4xx/Include -I../../Drivers/CMSIS/Include -I../../Drivers/CMSIS/DSP/Include -Ofast -ffunction-sections -fdata-sections -Wall -fstack-usage -fcyclomatic-complexity -MMD -MP -MF"Middlewares/MotorControl/sto_pll_speed_pos_fdbk.d" -MT"Middlewares/MotorControl/sto_pll_speed_pos_fdbk.o" --specs=nano.specs -mfpu=fpv4-sp-d16 -mfloat-abi=hard -mthumb -o "Middlewares/MotorControl/sto_pll_speed_pos_fdbk.o"
arm-none-eabi-gcc "C:/Users/brans/Desktop/yayaya/MCSDK_v6.1.1-Full/MotorControl/MCSDK/MCLib/Any/Src/virtual_speed_sensor.c" -mcpu=cortex-m4 -std=gnu11 -g3 -DDEBUG -DARM_MATH_CM4 -DUSE_HAL_DRIVER -DSTM32G431xx -c -I../../Inc -I../../Drivers/STM32G4xx_HAL_Driver/Inc -I../../Drivers/STM32G4xx_HAL_Driver/Inc/Legacy -I../../MCSDK_v6.1.1-Full/MotorControl/MCSDK/MCLib/Any/Inc -I../../MCSDK_v6.1.1-Full/MotorControl/MCSDK/MCLib/G4xx/Inc -I../../Drivers/CMSIS/Device/ST/STM32G4xx/Include -I../../Drivers/CMSIS/Include -I../../Drivers/CMSIS/DSP/Include -Ofast -ffunction-sections -fdata-sections -Wall -fstack-usage -fcyclomatic-complexity -MMD -MP -MF"Middlewares/MotorControl/virtual_speed_sensor.d" -MT"Middlewares/MotorControl/virtual_speed_sensor.o" --specs=nano.specs -mfpu=fpv4-sp-d16 -mfloat-abi=hard -mthumb -o "Middlewares/MotorControl/virtual_speed_sensor.o"
arm-none-eabi-gcc "C:/Users/brans/Desktop/yayaya/Drivers/STM32G4xx_HAL_Driver/Src/stm32g4xx_hal.c" -mcpu=cortex-m4 -std=gnu11 -g3 -DDEBUG -DARM_MATH_CM4 -DUSE_HAL_DRIVER -DSTM32G431xx -c -I../../Inc -I../../Drivers/STM32G4xx_HAL_Driver/Inc -I../../Drivers/STM32G4xx_HAL_Driver/Inc/Legacy -I../../MCSDK_v6.1.1-Full/MotorControl/MCSDK/MCLib/Any/Inc -I../../MCSDK_v6.1.1-Full/MotorControl/MCSDK/MCLib/G4xx/Inc -I../../Drivers/CMSIS/Device/ST/STM32G4xx/Include -I../../Drivers/CMSIS/Include -I../../Drivers/CMSIS/DSP/Include -Ofast -ffunction-sections -fdata-sections -Wall -fstack-usage -fcyclomatic-complexity -MMD -MP -MF"Drivers/STM32G4xx_HAL_Driver/stm32g4xx_hal.d" -MT"Drivers/STM32G4xx_HAL_Driver/stm32g4xx_hal.o" --specs=nano.specs -mfpu=fpv4-sp-d16 -mfloat-abi=hard -mthumb -o "Drivers/STM32G4xx_HAL_Driver/stm32g4xx_hal.o"
arm-none-eabi-gcc "C:/Users/brans/Desktop/yayaya/Drivers/STM32G4xx_HAL_Driver/Src/stm32g4xx_hal_adc.c" -mcpu=cortex-m4 -std=gnu11 -g3 -DDEBUG -DARM_MATH_CM4 -DUSE_HAL_DRIVER -DSTM32G431xx -c -I../../Inc -I../../Drivers/STM32G4xx_HAL_Driver/Inc -I../../Drivers/STM32G4xx_HAL_Driver/Inc/Legacy -I../../MCSDK_v6.1.1-Full/MotorControl/MCSDK/MCLib/Any/Inc -I../../MCSDK_v6.1.1-Full/MotorControl/MCSDK/MCLib/G4xx/Inc -I../../Drivers/CMSIS/Device/ST/STM32G4xx/Include -I../../Drivers/CMSIS/Include -I../../Drivers/CMSIS/DSP/Include -Ofast -ffunction-sections -fdata-sections -Wall -fstack-usage -fcyclomatic-complexity -MMD -MP -MF"Drivers/STM32G4xx_HAL_Driver/stm32g4xx_hal_adc.d" -MT"Drivers/STM32G4xx_HAL_Driver/stm32g4xx_hal_adc.o" --specs=nano.specs -mfpu=fpv4-sp-d16 -mfloat-abi=hard -mthumb -o "Drivers/STM32G4xx_HAL_Driver/stm32g4xx_hal_adc.o"
arm-none-eabi-gcc "C:/Users/brans/Desktop/yayaya/Drivers/STM32G4xx_HAL_Driver/Src/stm32g4xx_hal_adc_ex.c" -mcpu=cortex-m4 -std=gnu11 -g3 -DDEBUG -DARM_MATH_CM4 -DUSE_HAL_DRIVER -DSTM32G431xx -c -I../../Inc -I../../Drivers/STM32G4xx_HAL_Driver/Inc -I../../Drivers/STM32G4xx_HAL_Driver/Inc/Legacy -I../../MCSDK_v6.1.1-Full/MotorControl/MCSDK/MCLib/Any/Inc -I../../MCSDK_v6.1.1-Full/MotorControl/MCSDK/MCLib/G4xx/Inc -I../../Drivers/CMSIS/Device/ST/STM32G4xx/Include -I../../Drivers/CMSIS/Include -I../../Drivers/CMSIS/DSP/Include -Ofast -ffunction-sections -fdata-sections -Wall -fstack-usage -fcyclomatic-complexity -MMD -MP -MF"Drivers/STM32G4xx_HAL_Driver/stm32g4xx_hal_adc_ex.d" -MT"Drivers/STM32G4xx_HAL_Driver/stm32g4xx_hal_adc_ex.o" --specs=nano.specs -mfpu=fpv4-sp-d16 -mfloat-abi=hard -mthumb -o "Drivers/STM32G4xx_HAL_Driver/stm32g4xx_hal_adc_ex.o"
arm-none-eabi-gcc "C:/Users/brans/Desktop/yayaya/Drivers/STM32G4xx_HAL_Driver/Src/stm32g4xx_hal_cordic.c" -mcpu=cortex-m4 -std=gnu11 -g3 -DDEBUG -DARM_MATH_CM4 -DUSE_HAL_DRIVER -DSTM32G431xx -c -I../../Inc -I../../Drivers/STM32G4xx_HAL_Driver/Inc -I../../Drivers/STM32G4xx_HAL_Driver/Inc/Legacy -I../../MCSDK_v6.1.1-Full/MotorControl/MCSDK/MCLib/Any/Inc -I../../MCSDK_v6.1.1-Full/MotorControl/MCSDK/MCLib/G4xx/Inc -I../../Drivers/CMSIS/Device/ST/STM32G4xx/Include -I../../Drivers/CMSIS/Include -I../../Drivers/CMSIS/DSP/Include -Ofast -ffunction-sections -fdata-sections -Wall -fstack-usage -fcyclomatic-complexity -MMD -MP -MF"Drivers/STM32G4xx_HAL_Driver/stm32g4xx_hal_cordic.d" -MT"Drivers/STM32G4xx_HAL_Driver/stm32g4xx_hal_cordic.o" --specs=nano.specs -mfpu=fpv4-sp-d16 -mfloat-abi=hard -mthumb -o "Drivers/STM32G4xx_HAL_Driver/stm32g4xx_hal_cordic.o"
arm-none-eabi-gcc "C:/Users/brans/Desktop/yayaya/Drivers/STM32G4xx_HAL_Driver/Src/stm32g4xx_hal_cortex.c" -mcpu=cortex-m4 -std=gnu11 -g3 -DDEBUG -DARM_MATH_CM4 -DUSE_HAL_DRIVER -DSTM32G431xx -c -I../../Inc -I../../Drivers/STM32G4xx_HAL_Driver/Inc -I../../Drivers/STM32G4xx_HAL_Driver/Inc/Legacy -I../../MCSDK_v6.1.1-Full/MotorControl/MCSDK/MCLib/Any/Inc -I../../MCSDK_v6.1.1-Full/MotorControl/MCSDK/MCLib/G4xx/Inc -I../../Drivers/CMSIS/Device/ST/STM32G4xx/Include -I../../Drivers/CMSIS/Include -I../../Drivers/CMSIS/DSP/Include -Ofast -ffunction-sections -fdata-sections -Wall -fstack-usage -fcyclomatic-complexity -MMD -MP -MF"Drivers/STM32G4xx_HAL_Driver/stm32g4xx_hal_cortex.d" -MT"Drivers/STM32G4xx_HAL_Driver/stm32g4xx_hal_cortex.o" --specs=nano.specs -mfpu=fpv4-sp-d16 -mfloat-abi=hard -mthumb -o "Drivers/STM32G4xx_HAL_Driver/stm32g4xx_hal_cortex.o"
arm-none-eabi-gcc "C:/Users/brans/Desktop/yayaya/Drivers/STM32G4xx_HAL_Driver/Src/stm32g4xx_hal_dma.c" -mcpu=cortex-m4 -std=gnu11 -g3 -DDEBUG -DARM_MATH_CM4 -DUSE_HAL_DRIVER -DSTM32G431xx -c -I../../Inc -I../../Drivers/STM32G4xx_HAL_Driver/Inc -I../../Drivers/STM32G4xx_HAL_Driver/Inc/Legacy -I../../MCSDK_v6.1.1-Full/MotorControl/MCSDK/MCLib/Any/Inc -I../../MCSDK_v6.1.1-Full/MotorControl/MCSDK/MCLib/G4xx/Inc -I../../Drivers/CMSIS/Device/ST/STM32G4xx/Include -I../../Drivers/CMSIS/Include -I../../Drivers/CMSIS/DSP/Include -Ofast -ffunction-sections -fdata-sections -Wall -fstack-usage -fcyclomatic-complexity -MMD -MP -MF"Drivers/STM32G4xx_HAL_Driver/stm32g4xx_hal_dma.d" -MT"Drivers/STM32G4xx_HAL_Driver/stm32g4xx_hal_dma.o" --specs=nano.specs -mfpu=fpv4-sp-d16 -mfloat-abi=hard -mthumb -o "Drivers/STM32G4xx_HAL_Driver/stm32g4xx_hal_dma.o"
arm-none-eabi-gcc "C:/Users/brans/Desktop/yayaya/Drivers/STM32G4xx_HAL_Driver/Src/stm32g4xx_hal_dma_ex.c" -mcpu=cortex-m4 -std=gnu11 -g3 -DDEBUG -DARM_MATH_CM4 -DUSE_HAL_DRIVER -DSTM32G431xx -c -I../../Inc -I../../Drivers/STM32G4xx_HAL_Driver/Inc -I../../Drivers/STM32G4xx_HAL_Driver/Inc/Legacy -I../../MCSDK_v6.1.1-Full/MotorControl/MCSDK/MCLib/Any/Inc -I../../MCSDK_v6.1.1-Full/MotorControl/MCSDK/MCLib/G4xx/Inc -I../../Drivers/CMSIS/Device/ST/STM32G4xx/Include -I../../Drivers/CMSIS/Include -I../../Drivers/CMSIS/DSP/Include -Ofast -ffunction-sections -fdata-sections -Wall -fstack-usage -fcyclomatic-complexity -MMD -MP -MF"Drivers/STM32G4xx_HAL_Driver/stm32g4xx_hal_dma_ex.d" -MT"Drivers/STM32G4xx_HAL_Driver/stm32g4xx_hal_dma_ex.o" --specs=nano.specs -mfpu=fpv4-sp-d16 -mfloat-abi=hard -mthumb -o "Drivers/STM32G4xx_HAL_Driver/stm32g4xx_hal_dma_ex.o"
arm-none-eabi-gcc "C:/Users/brans/Desktop/yayaya/Drivers/STM32G4xx_HAL_Driver/Src/stm32g4xx_hal_exti.c" -mcpu=cortex-m4 -std=gnu11 -g3 -DDEBUG -DARM_MATH_CM4 -DUSE_HAL_DRIVER -DSTM32G431xx -c -I../../Inc -I../../Drivers/STM32G4xx_HAL_Driver/Inc -I../../Drivers/STM32G4xx_HAL_Driver/Inc/Legacy -I../../MCSDK_v6.1.1-Full/MotorControl/MCSDK/MCLib/Any/Inc -I../../MCSDK_v6.1.1-Full/MotorControl/MCSDK/MCLib/G4xx/Inc -I../../Drivers/CMSIS/Device/ST/STM32G4xx/Include -I../../Drivers/CMSIS/Include -I../../Drivers/CMSIS/DSP/Include -Ofast -ffunction-sections -fdata-sections -Wall -fstack-usage -fcyclomatic-complexity -MMD -MP -MF"Drivers/STM32G4xx_HAL_Driver/stm32g4xx_hal_exti.d" -MT"Drivers/STM32G4xx_HAL_Driver/stm32g4xx_hal_exti.o" --specs=nano.specs -mfpu=fpv4-sp-d16 -mfloat-abi=hard -mthumb -o "Drivers/STM32G4xx_HAL_Driver/stm32g4xx_hal_exti.o"
arm-none-eabi-gcc "C:/Users/brans/Desktop/yayaya/Drivers/STM32G4xx_HAL_Driver/Src/stm32g4xx_hal_flash.c" -mcpu=cortex-m4 -std=gnu11 -g3 -DDEBUG -DARM_MATH_CM4 -DUSE_HAL_DRIVER -DSTM32G431xx -c -I../../Inc -I../../Drivers/STM32G4xx_HAL_Driver/Inc -I../../Drivers/STM32G4xx_HAL_Driver/Inc/Legacy -I../../MCSDK_v6.1.1-Full/MotorControl/MCSDK/MCLib/Any/Inc -I../../MCSDK_v6.1.1-Full/MotorControl/MCSDK/MCLib/G4xx/Inc -I../../Drivers/CMSIS/Device/ST/STM32G4xx/Include -I../../Drivers/CMSIS/Include -I../../Drivers/CMSIS/DSP/Include -Ofast -ffunction-sections -fdata-sections -Wall -fstack-usage -fcyclomatic-complexity -MMD -MP -MF"Drivers/STM32G4xx_HAL_Driver/stm32g4xx_hal_flash.d" -MT"Drivers/STM32G4xx_HAL_Driver/stm32g4xx_hal_flash.o" --specs=nano.specs -mfpu=fpv4-sp-d16 -mfloat-abi=hard -mthumb -o "Drivers/STM32G4xx_HAL_Driver/stm32g4xx_hal_flash.o"
arm-none-eabi-gcc "C:/Users/brans/Desktop/yayaya/Drivers/STM32G4xx_HAL_Driver/Src/stm32g4xx_hal_flash_ex.c" -mcpu=cortex-m4 -std=gnu11 -g3 -DDEBUG -DARM_MATH_CM4 -DUSE_HAL_DRIVER -DSTM32G431xx -c -I../../Inc -I../../Drivers/STM32G4xx_HAL_Driver/Inc -I../../Drivers/STM32G4xx_HAL_Driver/Inc/Legacy -I../../MCSDK_v6.1.1-Full/MotorControl/MCSDK/MCLib/Any/Inc -I../../MCSDK_v6.1.1-Full/MotorControl/MCSDK/MCLib/G4xx/Inc -I../../Drivers/CMSIS/Device/ST/STM32G4xx/Include -I../../Drivers/CMSIS/Include -I../../Drivers/CMSIS/DSP/Include -Ofast -ffunction-sections -fdata-sections -Wall -fstack-usage -fcyclomatic-complexity -MMD -MP -MF"Drivers/STM32G4xx_HAL_Driver/stm32g4xx_hal_flash_ex.d" -MT"Drivers/STM32G4xx_HAL_Driver/stm32g4xx_hal_flash_ex.o" --specs=nano.specs -mfpu=fpv4-sp-d16 -mfloat-abi=hard -mthumb -o "Drivers/STM32G4xx_HAL_Driver/stm32g4xx_hal_flash_ex.o"
arm-none-eabi-gcc "C:/Users/brans/Desktop/yayaya/Drivers/STM32G4xx_HAL_Driver/Src/stm32g4xx_hal_flash_ramfunc.c" -mcpu=cortex-m4 -std=gnu11 -g3 -DDEBUG -DARM_MATH_CM4 -DUSE_HAL_DRIVER -DSTM32G431xx -c -I../../Inc -I../../Drivers/STM32G4xx_HAL_Driver/Inc -I../../Drivers/STM32G4xx_HAL_Driver/Inc/Legacy -I../../MCSDK_v6.1.1-Full/MotorControl/MCSDK/MCLib/Any/Inc -I../../MCSDK_v6.1.1-Full/MotorControl/MCSDK/MCLib/G4xx/Inc -I../../Drivers/CMSIS/Device/ST/STM32G4xx/Include -I../../Drivers/CMSIS/Include -I../../Drivers/CMSIS/DSP/Include -Ofast -ffunction-sections -fdata-sections -Wall -fstack-usage -fcyclomatic-complexity -MMD -MP -MF"Drivers/STM32G4xx_HAL_Driver/stm32g4xx_hal_flash_ramfunc.d" -MT"Drivers/STM32G4xx_HAL_Driver/stm32g4xx_hal_flash_ramfunc.o" --specs=nano.specs -mfpu=fpv4-sp-d16 -mfloat-abi=hard -mthumb -o "Drivers/STM32G4xx_HAL_Driver/stm32g4xx_hal_flash_ramfunc.o"
arm-none-eabi-gcc "C:/Users/brans/Desktop/yayaya/Drivers/STM32G4xx_HAL_Driver/Src/stm32g4xx_hal_gpio.c" -mcpu=cortex-m4 -std=gnu11 -g3 -DDEBUG -DARM_MATH_CM4 -DUSE_HAL_DRIVER -DSTM32G431xx -c -I../../Inc -I../../Drivers/STM32G4xx_HAL_Driver/Inc -I../../Drivers/STM32G4xx_HAL_Driver/Inc/Legacy -I../../MCSDK_v6.1.1-Full/MotorControl/MCSDK/MCLib/Any/Inc -I../../MCSDK_v6.1.1-Full/MotorControl/MCSDK/MCLib/G4xx/Inc -I../../Drivers/CMSIS/Device/ST/STM32G4xx/Include -I../../Drivers/CMSIS/Include -I../../Drivers/CMSIS/DSP/Include -Ofast -ffunction-sections -fdata-sections -Wall -fstack-usage -fcyclomatic-complexity -MMD -MP -MF"Drivers/STM32G4xx_HAL_Driver/stm32g4xx_hal_gpio.d" -MT"Drivers/STM32G4xx_HAL_Driver/stm32g4xx_hal_gpio.o" --specs=nano.specs -mfpu=fpv4-sp-d16 -mfloat-abi=hard -mthumb -o "Drivers/STM32G4xx_HAL_Driver/stm32g4xx_hal_gpio.o"
arm-none-eabi-gcc "C:/Users/brans/Desktop/yayaya/Drivers/STM32G4xx_HAL_Driver/Src/stm32g4xx_hal_pwr.c" -mcpu=cortex-m4 -std=gnu11 -g3 -DDEBUG -DARM_MATH_CM4 -DUSE_HAL_DRIVER -DSTM32G431xx -c -I../../Inc -I../../Drivers/STM32G4xx_HAL_Driver/Inc -I../../Drivers/STM32G4xx_HAL_Driver/Inc/Legacy -I../../MCSDK_v6.1.1-Full/MotorControl/MCSDK/MCLib/Any/Inc -I../../MCSDK_v6.1.1-Full/MotorControl/MCSDK/MCLib/G4xx/Inc -I../../Drivers/CMSIS/Device/ST/STM32G4xx/Include -I../../Drivers/CMSIS/Include -I../../Drivers/CMSIS/DSP/Include -Ofast -ffunction-sections -fdata-sections -Wall -fstack-usage -fcyclomatic-complexity -MMD -MP -MF"Drivers/STM32G4xx_HAL_Driver/stm32g4xx_hal_pwr.d" -MT"Drivers/STM32G4xx_HAL_Driver/stm32g4xx_hal_pwr.o" --specs=nano.specs -mfpu=fpv4-sp-d16 -mfloat-abi=hard -mthumb -o "Drivers/STM32G4xx_HAL_Driver/stm32g4xx_hal_pwr.o"
arm-none-eabi-gcc "C:/Users/brans/Desktop/yayaya/Drivers/STM32G4xx_HAL_Driver/Src/stm32g4xx_hal_pwr_ex.c" -mcpu=cortex-m4 -std=gnu11 -g3 -DDEBUG -DARM_MATH_CM4 -DUSE_HAL_DRIVER -DSTM32G431xx -c -I../../Inc -I../../Drivers/STM32G4xx_HAL_Driver/Inc -I../../Drivers/STM32G4xx_HAL_Driver/Inc/Legacy -I../../MCSDK_v6.1.1-Full/MotorControl/MCSDK/MCLib/Any/Inc -I../../MCSDK_v6.1.1-Full/MotorControl/MCSDK/MCLib/G4xx/Inc -I../../Drivers/CMSIS/Device/ST/STM32G4xx/Include -I../../Drivers/CMSIS/Include -I../../Drivers/CMSIS/DSP/Include -Ofast -ffunction-sections -fdata-sections -Wall -fstack-usage -fcyclomatic-complexity -MMD -MP -MF"Drivers/STM32G4xx_HAL_Driver/stm32g4xx_hal_pwr_ex.d" -MT"Drivers/STM32G4xx_HAL_Driver/stm32g4xx_hal_pwr_ex.o" --specs=nano.specs -mfpu=fpv4-sp-d16 -mfloat-abi=hard -mthumb -o "Drivers/STM32G4xx_HAL_Driver/stm32g4xx_hal_pwr_ex.o"
arm-none-eabi-gcc "C:/Users/brans/Desktop/yayaya/Drivers/STM32G4xx_HAL_Driver/Src/stm32g4xx_hal_rcc.c" -mcpu=cortex-m4 -std=gnu11 -g3 -DDEBUG -DARM_MATH_CM4 -DUSE_HAL_DRIVER -DSTM32G431xx -c -I../../Inc -I../../Drivers/STM32G4xx_HAL_Driver/Inc -I../../Drivers/STM32G4xx_HAL_Driver/Inc/Legacy -I../../MCSDK_v6.1.1-Full/MotorControl/MCSDK/MCLib/Any/Inc -I../../MCSDK_v6.1.1-Full/MotorControl/MCSDK/MCLib/G4xx/Inc -I../../Drivers/CMSIS/Device/ST/STM32G4xx/Include -I../../Drivers/CMSIS/Include -I../../Drivers/CMSIS/DSP/Include -Ofast -ffunction-sections -fdata-sections -Wall -fstack-usage -fcyclomatic-complexity -MMD -MP -MF"Drivers/STM32G4xx_HAL_Driver/stm32g4xx_hal_rcc.d" -MT"Drivers/STM32G4xx_HAL_Driver/stm32g4xx_hal_rcc.o" --specs=nano.specs -mfpu=fpv4-sp-d16 -mfloat-abi=hard -mthumb -o "Drivers/STM32G4xx_HAL_Driver/stm32g4xx_hal_rcc.o"
arm-none-eabi-gcc "C:/Users/brans/Desktop/yayaya/Drivers/STM32G4xx_HAL_Driver/Src/stm32g4xx_hal_rcc_ex.c" -mcpu=cortex-m4 -std=gnu11 -g3 -DDEBUG -DARM_MATH_CM4 -DUSE_HAL_DRIVER -DSTM32G431xx -c -I../../Inc -I../../Drivers/STM32G4xx_HAL_Driver/Inc -I../../Drivers/STM32G4xx_HAL_Driver/Inc/Legacy -I../../MCSDK_v6.1.1-Full/MotorControl/MCSDK/MCLib/Any/Inc -I../../MCSDK_v6.1.1-Full/MotorControl/MCSDK/MCLib/G4xx/Inc -I../../Drivers/CMSIS/Device/ST/STM32G4xx/Include -I../../Drivers/CMSIS/Include -I../../Drivers/CMSIS/DSP/Include -Ofast -ffunction-sections -fdata-sections -Wall -fstack-usage -fcyclomatic-complexity -MMD -MP -MF"Drivers/STM32G4xx_HAL_Driver/stm32g4xx_hal_rcc_ex.d" -MT"Drivers/STM32G4xx_HAL_Driver/stm32g4xx_hal_rcc_ex.o" --specs=nano.specs -mfpu=fpv4-sp-d16 -mfloat-abi=hard -mthumb -o "Drivers/STM32G4xx_HAL_Driver/stm32g4xx_hal_rcc_ex.o"
arm-none-eabi-gcc "C:/Users/brans/Desktop/yayaya/Drivers/STM32G4xx_HAL_Driver/Src/stm32g4xx_hal_tim.c" -mcpu=cortex-m4 -std=gnu11 -g3 -DDEBUG -DARM_MATH_CM4 -DUSE_HAL_DRIVER -DSTM32G431xx -c -I../../Inc -I../../Drivers/STM32G4xx_HAL_Driver/Inc -I../../Drivers/STM32G4xx_HAL_Driver/Inc/Legacy -I../../MCSDK_v6.1.1-Full/MotorControl/MCSDK/MCLib/Any/Inc -I../../MCSDK_v6.1.1-Full/MotorControl/MCSDK/MCLib/G4xx/Inc -I../../Drivers/CMSIS/Device/ST/STM32G4xx/Include -I../../Drivers/CMSIS/Include -I../../Drivers/CMSIS/DSP/Include -Ofast -ffunction-sections -fdata-sections -Wall -fstack-usage -fcyclomatic-complexity -MMD -MP -MF"Drivers/STM32G4xx_HAL_Driver/stm32g4xx_hal_tim.d" -MT"Drivers/STM32G4xx_HAL_Driver/stm32g4xx_hal_tim.o" --specs=nano.specs -mfpu=fpv4-sp-d16 -mfloat-abi=hard -mthumb -o "Drivers/STM32G4xx_HAL_Driver/stm32g4xx_hal_tim.o"
arm-none-eabi-gcc "C:/Users/brans/Desktop/yayaya/Drivers/STM32G4xx_HAL_Driver/Src/stm32g4xx_hal_tim_ex.c" -mcpu=cortex-m4 -std=gnu11 -g3 -DDEBUG -DARM_MATH_CM4 -DUSE_HAL_DRIVER -DSTM32G431xx -c -I../../Inc -I../../Drivers/STM32G4xx_HAL_Driver/Inc -I../../Drivers/STM32G4xx_HAL_Driver/Inc/Legacy -I../../MCSDK_v6.1.1-Full/MotorControl/MCSDK/MCLib/Any/Inc -I../../MCSDK_v6.1.1-Full/MotorControl/MCSDK/MCLib/G4xx/Inc -I../../Drivers/CMSIS/Device/ST/STM32G4xx/Include -I../../Drivers/CMSIS/Include -I../../Drivers/CMSIS/DSP/Include -Ofast -ffunction-sections -fdata-sections -Wall -fstack-usage -fcyclomatic-complexity -MMD -MP -MF"Drivers/STM32G4xx_HAL_Driver/stm32g4xx_hal_tim_ex.d" -MT"Drivers/STM32G4xx_HAL_Driver/stm32g4xx_hal_tim_ex.o" --specs=nano.specs -mfpu=fpv4-sp-d16 -mfloat-abi=hard -mthumb -o "Drivers/STM32G4xx_HAL_Driver/stm32g4xx_hal_tim_ex.o"
arm-none-eabi-gcc "C:/Users/brans/Desktop/yayaya/Drivers/STM32G4xx_HAL_Driver/Src/stm32g4xx_hal_uart.c" -mcpu=cortex-m4 -std=gnu11 -g3 -DDEBUG -DARM_MATH_CM4 -DUSE_HAL_DRIVER -DSTM32G431xx -c -I../../Inc -I../../Drivers/STM32G4xx_HAL_Driver/Inc -I../../Drivers/STM32G4xx_HAL_Driver/Inc/Legacy -I../../MCSDK_v6.1.1-Full/MotorControl/MCSDK/MCLib/Any/Inc -I../../MCSDK_v6.1.1-Full/MotorControl/MCSDK/MCLib/G4xx/Inc -I../../Drivers/CMSIS/Device/ST/STM32G4xx/Include -I../../Drivers/CMSIS/Include -I../../Drivers/CMSIS/DSP/Include -Ofast -ffunction-sections -fdata-sections -Wall -fstack-usage -fcyclomatic-complexity -MMD -MP -MF"Drivers/STM32G4xx_HAL_Driver/stm32g4xx_hal_uart.d" -MT"Drivers/STM32G4xx_HAL_Driver/stm32g4xx_hal_uart.o" --specs=nano.specs -mfpu=fpv4-sp-d16 -mfloat-abi=hard -mthumb -o "Drivers/STM32G4xx_HAL_Driver/stm32g4xx_hal_uart.o"
arm-none-eabi-gcc "C:/Users/brans/Desktop/yayaya/Drivers/STM32G4xx_HAL_Driver/Src/stm32g4xx_hal_uart_ex.c" -mcpu=cortex-m4 -std=gnu11 -g3 -DDEBUG -DARM_MATH_CM4 -DUSE_HAL_DRIVER -DSTM32G431xx -c -I../../Inc -I../../Drivers/STM32G4xx_HAL_Driver/Inc -I../../Drivers/STM32G4xx_HAL_Driver/Inc/Legacy -I../../MCSDK_v6.1.1-Full/MotorControl/MCSDK/MCLib/Any/Inc -I../../MCSDK_v6.1.1-Full/MotorControl/MCSDK/MCLib/G4xx/Inc -I../../Drivers/CMSIS/Device/ST/STM32G4xx/Include -I../../Drivers/CMSIS/Include -I../../Drivers/CMSIS/DSP/Include -Ofast -ffunction-sections -fdata-sections -Wall -fstack-usage -fcyclomatic-complexity -MMD -MP -MF"Drivers/STM32G4xx_HAL_Driver/stm32g4xx_hal_uart_ex.d" -MT"Drivers/STM32G4xx_HAL_Driver/stm32g4xx_hal_uart_ex.o" --specs=nano.specs -mfpu=fpv4-sp-d16 -mfloat-abi=hard -mthumb -o "Drivers/STM32G4xx_HAL_Driver/stm32g4xx_hal_uart_ex.o"
arm-none-eabi-gcc "C:/Users/brans/Desktop/yayaya/Drivers/STM32G4xx_HAL_Driver/Src/stm32g4xx_ll_adc.c" -mcpu=cortex-m4 -std=gnu11 -g3 -DDEBUG -DARM_MATH_CM4 -DUSE_HAL_DRIVER -DSTM32G431xx -c -I../../Inc -I../../Drivers/STM32G4xx_HAL_Driver/Inc -I../../Drivers/STM32G4xx_HAL_Driver/Inc/Legacy -I../../MCSDK_v6.1.1-Full/MotorControl/MCSDK/MCLib/Any/Inc -I../../MCSDK_v6.1.1-Full/MotorControl/MCSDK/MCLib/G4xx/Inc -I../../Drivers/CMSIS/Device/ST/STM32G4xx/Include -I../../Drivers/CMSIS/Include -I../../Drivers/CMSIS/DSP/Include -Ofast -ffunction-sections -fdata-sections -Wall -fstack-usage -fcyclomatic-complexity -MMD -MP -MF"Drivers/STM32G4xx_HAL_Driver/stm32g4xx_ll_adc.d" -MT"Drivers/STM32G4xx_HAL_Driver/stm32g4xx_ll_adc.o" --specs=nano.specs -mfpu=fpv4-sp-d16 -mfloat-abi=hard -mthumb -o "Drivers/STM32G4xx_HAL_Driver/stm32g4xx_ll_adc.o"
arm-none-eabi-gcc "C:/Users/brans/Desktop/yayaya/Src/system_stm32g4xx.c" -mcpu=cortex-m4 -std=gnu11 -g3 -DDEBUG -DARM_MATH_CM4 -DUSE_HAL_DRIVER -DSTM32G431xx -c -I../../Inc -I../../Drivers/STM32G4xx_HAL_Driver/Inc -I../../Drivers/STM32G4xx_HAL_Driver/Inc/Legacy -I../../MCSDK_v6.1.1-Full/MotorControl/MCSDK/MCLib/Any/Inc -I../../MCSDK_v6.1.1-Full/MotorControl/MCSDK/MCLib/G4xx/Inc -I../../Drivers/CMSIS/Device/ST/STM32G4xx/Include -I../../Drivers/CMSIS/Include -I../../Drivers/CMSIS/DSP/Include -Ofast -ffunction-sections -fdata-sections -Wall -fstack-usage -fcyclomatic-complexity -MMD -MP -MF"Drivers/CMSIS/system_stm32g4xx.d" -MT"Drivers/CMSIS/system_stm32g4xx.o" --specs=nano.specs -mfpu=fpv4-sp-d16 -mfloat-abi=hard -mthumb -o "Drivers/CMSIS/system_stm32g4xx.o"
arm-none-eabi-gcc "C:/Users/brans/Desktop/yayaya/Src/aspep.c" -mcpu=cortex-m4 -std=gnu11 -g3 -DDEBUG -DARM_MATH_CM4 -DUSE_HAL_DRIVER -DSTM32G431xx -c -I../../Inc -I../../Drivers/STM32G4xx_HAL_Driver/Inc -I../../Drivers/STM32G4xx_HAL_Driver/Inc/Legacy -I../../MCSDK_v6.1.1-Full/MotorControl/MCSDK/MCLib/Any/Inc -I../../MCSDK_v6.1.1-Full/MotorControl/MCSDK/MCLib/G4xx/Inc -I../../Drivers/CMSIS/Device/ST/STM32G4xx/Include -I../../Drivers/CMSIS/Include -I../../Drivers/CMSIS/DSP/Include -Ofast -ffunction-sections -fdata-sections -Wall -fstack-usage -fcyclomatic-complexity -MMD -MP -MF"Application/User/aspep.d" -MT"Application/User/aspep.o" --specs=nano.specs -mfpu=fpv4-sp-d16 -mfloat-abi=hard -mthumb -o "Application/User/aspep.o"
arm-none-eabi-gcc "C:/Users/brans/Desktop/yayaya/Src/main.c" -mcpu=cortex-m4 -std=gnu11 -g3 -DDEBUG -DARM_MATH_CM4 -DUSE_HAL_DRIVER -DSTM32G431xx -c -I../../Inc -I../../Drivers/STM32G4xx_HAL_Driver/Inc -I../../Drivers/STM32G4xx_HAL_Driver/Inc/Legacy -I../../MCSDK_v6.1.1-Full/MotorControl/MCSDK/MCLib/Any/Inc -I../../MCSDK_v6.1.1-Full/MotorControl/MCSDK/MCLib/G4xx/Inc -I../../Drivers/CMSIS/Device/ST/STM32G4xx/Include -I../../Drivers/CMSIS/Include -I../../Drivers/CMSIS/DSP/Include -Ofast -ffunction-sections -fdata-sections -Wall -fstack-usage -fcyclomatic-complexity -MMD -MP -MF"Application/User/main.d" -MT"Application/User/main.o" --specs=nano.specs -mfpu=fpv4-sp-d16 -mfloat-abi=hard -mthumb -o "Application/User/main.o"
arm-none-eabi-gcc "C:/Users/brans/Desktop/yayaya/Src/mc_api.c" -mcpu=cortex-m4 -std=gnu11 -g3 -DDEBUG -DARM_MATH_CM4 -DUSE_HAL_DRIVER -DSTM32G431xx -c -I../../Inc -I../../Drivers/STM32G4xx_HAL_Driver/Inc -I../../Drivers/STM32G4xx_HAL_Driver/Inc/Legacy -I../../MCSDK_v6.1.1-Full/MotorControl/MCSDK/MCLib/Any/Inc -I../../MCSDK_v6.1.1-Full/MotorControl/MCSDK/MCLib/G4xx/Inc -I../../Drivers/CMSIS/Device/ST/STM32G4xx/Include -I../../Drivers/CMSIS/Include -I../../Drivers/CMSIS/DSP/Include -Ofast -ffunction-sections -fdata-sections -Wall -fstack-usage -fcyclomatic-complexity -MMD -MP -MF"Application/User/mc_api.d" -MT"Application/User/mc_api.o" --specs=nano.specs -mfpu=fpv4-sp-d16 -mfloat-abi=hard -mthumb -o "Application/User/mc_api.o"
arm-none-eabi-gcc "C:/Users/brans/Desktop/yayaya/Src/mc_app_hooks.c" -mcpu=cortex-m4 -std=gnu11 -g3 -DDEBUG -DARM_MATH_CM4 -DUSE_HAL_DRIVER -DSTM32G431xx -c -I../../Inc -I../../Drivers/STM32G4xx_HAL_Driver/Inc -I../../Drivers/STM32G4xx_HAL_Driver/Inc/Legacy -I../../MCSDK_v6.1.1-Full/MotorControl/MCSDK/MCLib/Any/Inc -I../../MCSDK_v6.1.1-Full/MotorControl/MCSDK/MCLib/G4xx/Inc -I../../Drivers/CMSIS/Device/ST/STM32G4xx/Include -I../../Drivers/CMSIS/Include -I../../Drivers/CMSIS/DSP/Include -Ofast -ffunction-sections -fdata-sections -Wall -fstack-usage -fcyclomatic-complexity -MMD -MP -MF"Application/User/mc_app_hooks.d" -MT"Application/User/mc_app_hooks.o" --specs=nano.specs -mfpu=fpv4-sp-d16 -mfloat-abi=hard -mthumb -o "Application/User/mc_app_hooks.o"
arm-none-eabi-gcc "C:/Users/brans/Desktop/yayaya/Src/mc_config.c" -mcpu=cortex-m4 -std=gnu11 -g3 -DDEBUG -DARM_MATH_CM4 -DUSE_HAL_DRIVER -DSTM32G431xx -c -I../../Inc -I../../Drivers/STM32G4xx_HAL_Driver/Inc -I../../Drivers/STM32G4xx_HAL_Driver/Inc/Legacy -I../../MCSDK_v6.1.1-Full/MotorControl/MCSDK/MCLib/Any/Inc -I../../MCSDK_v6.1.1-Full/MotorControl/MCSDK/MCLib/G4xx/Inc -I../../Drivers/CMSIS/Device/ST/STM32G4xx/Include -I../../Drivers/CMSIS/Include -I../../Drivers/CMSIS/DSP/Include -Ofast -ffunction-sections -fdata-sections -Wall -fstack-usage -fcyclomatic-complexity -MMD -MP -MF"Application/User/mc_config.d" -MT"Application/User/mc_config.o" --specs=nano.specs -mfpu=fpv4-sp-d16 -mfloat-abi=hard -mthumb -o "Application/User/mc_config.o"
arm-none-eabi-gcc "C:/Users/brans/Desktop/yayaya/Src/mc_configuration_registers.c" -mcpu=cortex-m4 -std=gnu11 -g3 -DDEBUG -DARM_MATH_CM4 -DUSE_HAL_DRIVER -DSTM32G431xx -c -I../../Inc -I../../Drivers/STM32G4xx_HAL_Driver/Inc -I../../Drivers/STM32G4xx_HAL_Driver/Inc/Legacy -I../../MCSDK_v6.1.1-Full/MotorControl/MCSDK/MCLib/Any/Inc -I../../MCSDK_v6.1.1-Full/MotorControl/MCSDK/MCLib/G4xx/Inc -I../../Drivers/CMSIS/Device/ST/STM32G4xx/Include -I../../Drivers/CMSIS/Include -I../../Drivers/CMSIS/DSP/Include -Ofast -ffunction-sections -fdata-sections -Wall -fstack-usage -fcyclomatic-complexity -MMD -MP -MF"Application/User/mc_configuration_registers.d" -MT"Application/User/mc_configuration_registers.o" --specs=nano.specs -mfpu=fpv4-sp-d16 -mfloat-abi=hard -mthumb -o "Application/User/mc_configuration_registers.o"
arm-none-eabi-gcc "C:/Users/brans/Desktop/yayaya/Src/mc_interface.c" -mcpu=cortex-m4 -std=gnu11 -g3 -DDEBUG -DARM_MATH_CM4 -DUSE_HAL_DRIVER -DSTM32G431xx -c -I../../Inc -I../../Drivers/STM32G4xx_HAL_Driver/Inc -I../../Drivers/STM32G4xx_HAL_Driver/Inc/Legacy -I../../MCSDK_v6.1.1-Full/MotorControl/MCSDK/MCLib/Any/Inc -I../../MCSDK_v6.1.1-Full/MotorControl/MCSDK/MCLib/G4xx/Inc -I../../Drivers/CMSIS/Device/ST/STM32G4xx/Include -I../../Drivers/CMSIS/Include -I../../Drivers/CMSIS/DSP/Include -Ofast -ffunction-sections -fdata-sections -Wall -fstack-usage -fcyclomatic-complexity -MMD -MP -MF"Application/User/mc_interface.d" -MT"Application/User/mc_interface.o" --specs=nano.specs -mfpu=fpv4-sp-d16 -mfloat-abi=hard -mthumb -o "Application/User/mc_interface.o"
arm-none-eabi-gcc "C:/Users/brans/Desktop/yayaya/Src/mc_math.c" -mcpu=cortex-m4 -std=gnu11 -g3 -DDEBUG -DARM_MATH_CM4 -DUSE_HAL_DRIVER -DSTM32G431xx -c -I../../Inc -I../../Drivers/STM32G4xx_HAL_Driver/Inc -I../../Drivers/STM32G4xx_HAL_Driver/Inc/Legacy -I../../MCSDK_v6.1.1-Full/MotorControl/MCSDK/MCLib/Any/Inc -I../../MCSDK_v6.1.1-Full/MotorControl/MCSDK/MCLib/G4xx/Inc -I../../Drivers/CMSIS/Device/ST/STM32G4xx/Include -I../../Drivers/CMSIS/Include -I../../Drivers/CMSIS/DSP/Include -Ofast -ffunction-sections -fdata-sections -Wall -fstack-usage -fcyclomatic-complexity -MMD -MP -MF"Application/User/mc_math.d" -MT"Application/User/mc_math.o" --specs=nano.specs -mfpu=fpv4-sp-d16 -mfloat-abi=hard -mthumb -o "Application/User/mc_math.o"
arm-none-eabi-gcc "C:/Users/brans/Desktop/yayaya/Src/mc_parameters.c" -mcpu=cortex-m4 -std=gnu11 -g3 -DDEBUG -DARM_MATH_CM4 -DUSE_HAL_DRIVER -DSTM32G431xx -c -I../../Inc -I../../Drivers/STM32G4xx_HAL_Driver/Inc -I../../Drivers/STM32G4xx_HAL_Driver/Inc/Legacy -I../../MCSDK_v6.1.1-Full/MotorControl/MCSDK/MCLib/Any/Inc -I../../MCSDK_v6.1.1-Full/MotorControl/MCSDK/MCLib/G4xx/Inc -I../../Drivers/CMSIS/Device/ST/STM32G4xx/Include -I../../Drivers/CMSIS/Include -I../../Drivers/CMSIS/DSP/Include -Ofast -ffunction-sections -fdata-sections -Wall -fstack-usage -fcyclomatic-complexity -MMD -MP -MF"Application/User/mc_parameters.d" -MT"Application/User/mc_parameters.o" --specs=nano.specs -mfpu=fpv4-sp-d16 -mfloat-abi=hard -mthumb -o "Application/User/mc_parameters.o"
arm-none-eabi-gcc "C:/Users/brans/Desktop/yayaya/Src/mc_perf.c" -mcpu=cortex-m4 -std=gnu11 -g3 -DDEBUG -DARM_MATH_CM4 -DUSE_HAL_DRIVER -DSTM32G431xx -c -I../../Inc -I../../Drivers/STM32G4xx_HAL_Driver/Inc -I../../Drivers/STM32G4xx_HAL_Driver/Inc/Legacy -I../../MCSDK_v6.1.1-Full/MotorControl/MCSDK/MCLib/Any/Inc -I../../MCSDK_v6.1.1-Full/MotorControl/MCSDK/MCLib/G4xx/Inc -I../../Drivers/CMSIS/Device/ST/STM32G4xx/Include -I../../Drivers/CMSIS/Include -I../../Drivers/CMSIS/DSP/Include -Ofast -ffunction-sections -fdata-sections -Wall -fstack-usage -fcyclomatic-complexity -MMD -MP -MF"Application/User/mc_perf.d" -MT"Application/User/mc_perf.o" --specs=nano.specs -mfpu=fpv4-sp-d16 -mfloat-abi=hard -mthumb -o "Application/User/mc_perf.o"
arm-none-eabi-gcc "C:/Users/brans/Desktop/yayaya/Src/mc_tasks.c" -mcpu=cortex-m4 -std=gnu11 -g3 -DDEBUG -DARM_MATH_CM4 -DUSE_HAL_DRIVER -DSTM32G431xx -c -I../../Inc -I../../Drivers/STM32G4xx_HAL_Driver/Inc -I../../Drivers/STM32G4xx_HAL_Driver/Inc/Legacy -I../../MCSDK_v6.1.1-Full/MotorControl/MCSDK/MCLib/Any/Inc -I../../MCSDK_v6.1.1-Full/MotorControl/MCSDK/MCLib/G4xx/Inc -I../../Drivers/CMSIS/Device/ST/STM32G4xx/Include -I../../Drivers/CMSIS/Include -I../../Drivers/CMSIS/DSP/Include -Ofast -ffunction-sections -fdata-sections -Wall -fstack-usage -fcyclomatic-complexity -MMD -MP -MF"Application/User/mc_tasks.d" -MT"Application/User/mc_tasks.o" --specs=nano.specs -mfpu=fpv4-sp-d16 -mfloat-abi=hard -mthumb -o "Application/User/mc_tasks.o"
arm-none-eabi-gcc "C:/Users/brans/Desktop/yayaya/Src/mcp_config.c" -mcpu=cortex-m4 -std=gnu11 -g3 -DDEBUG -DARM_MATH_CM4 -DUSE_HAL_DRIVER -DSTM32G431xx -c -I../../Inc -I../../Drivers/STM32G4xx_HAL_Driver/Inc -I../../Drivers/STM32G4xx_HAL_Driver/Inc/Legacy -I../../MCSDK_v6.1.1-Full/MotorControl/MCSDK/MCLib/Any/Inc -I../../MCSDK_v6.1.1-Full/MotorControl/MCSDK/MCLib/G4xx/Inc -I../../Drivers/CMSIS/Device/ST/STM32G4xx/Include -I../../Drivers/CMSIS/Include -I../../Drivers/CMSIS/DSP/Include -Ofast -ffunction-sections -fdata-sections -Wall -fstack-usage -fcyclomatic-complexity -MMD -MP -MF"Application/User/mcp_config.d" -MT"Application/User/mcp_config.o" --specs=nano.specs -mfpu=fpv4-sp-d16 -mfloat-abi=hard -mthumb -o "Application/User/mcp_config.o"
arm-none-eabi-gcc "C:/Users/brans/Desktop/yayaya/Src/motorcontrol.c" -mcpu=cortex-m4 -std=gnu11 -g3 -DDEBUG -DARM_MATH_CM4 -DUSE_HAL_DRIVER -DSTM32G431xx -c -I../../Inc -I../../Drivers/STM32G4xx_HAL_Driver/Inc -I../../Drivers/STM32G4xx_HAL_Driver/Inc/Legacy -I../../MCSDK_v6.1.1-Full/MotorControl/MCSDK/MCLib/Any/Inc -I../../MCSDK_v6.1.1-Full/MotorControl/MCSDK/MCLib/G4xx/Inc -I../../Drivers/CMSIS/Device/ST/STM32G4xx/Include -I../../Drivers/CMSIS/Include -I../../Drivers/CMSIS/DSP/Include -Ofast -ffunction-sections -fdata-sections -Wall -fstack-usage -fcyclomatic-complexity -MMD -MP -MF"Application/User/motorcontrol.d" -MT"Application/User/motorcontrol.o" --specs=nano.specs -mfpu=fpv4-sp-d16 -mfloat-abi=hard -mthumb -o "Application/User/motorcontrol.o"
arm-none-eabi-gcc "C:/Users/brans/Desktop/yayaya/Src/pwm_curr_fdbk.c" -mcpu=cortex-m4 -std=gnu11 -g3 -DDEBUG -DARM_MATH_CM4 -DUSE_HAL_DRIVER -DSTM32G431xx -c -I../../Inc -I../../Drivers/STM32G4xx_HAL_Driver/Inc -I../../Drivers/STM32G4xx_HAL_Driver/Inc/Legacy -I../../MCSDK_v6.1.1-Full/MotorControl/MCSDK/MCLib/Any/Inc -I../../MCSDK_v6.1.1-Full/MotorControl/MCSDK/MCLib/G4xx/Inc -I../../Drivers/CMSIS/Device/ST/STM32G4xx/Include -I../../Drivers/CMSIS/Include -I../../Drivers/CMSIS/DSP/Include -Ofast -ffunction-sections -fdata-sections -Wall -fstack-usage -fcyclomatic-complexity -MMD -MP -MF"Application/User/pwm_curr_fdbk.d" -MT"Application/User/pwm_curr_fdbk.o" --specs=nano.specs -mfpu=fpv4-sp-d16 -mfloat-abi=hard -mthumb -o "Application/User/pwm_curr_fdbk.o"
arm-none-eabi-gcc "C:/Users/brans/Desktop/yayaya/Src/register_interface.c" -mcpu=cortex-m4 -std=gnu11 -g3 -DDEBUG -DARM_MATH_CM4 -DUSE_HAL_DRIVER -DSTM32G431xx -c -I../../Inc -I../../Drivers/STM32G4xx_HAL_Driver/Inc -I../../Drivers/STM32G4xx_HAL_Driver/Inc/Legacy -I../../MCSDK_v6.1.1-Full/MotorControl/MCSDK/MCLib/Any/Inc -I../../MCSDK_v6.1.1-Full/MotorControl/MCSDK/MCLib/G4xx/Inc -I../../Drivers/CMSIS/Device/ST/STM32G4xx/Include -I../../Drivers/CMSIS/Include -I../../Drivers/CMSIS/DSP/Include -Ofast -ffunction-sections -fdata-sections -Wall -fstack-usage -fcyclomatic-complexity -MMD -MP -MF"Application/User/register_interface.d" -MT"Application/User/register_interface.o" --specs=nano.specs -mfpu=fpv4-sp-d16 -mfloat-abi=hard -mthumb -o "Application/User/register_interface.o"
arm-none-eabi-gcc "C:/Users/brans/Desktop/yayaya/Src/regular_conversion_manager.c" -mcpu=cortex-m4 -std=gnu11 -g3 -DDEBUG -DARM_MATH_CM4 -DUSE_HAL_DRIVER -DSTM32G431xx -c -I../../Inc -I../../Drivers/STM32G4xx_HAL_Driver/Inc -I../../Drivers/STM32G4xx_HAL_Driver/Inc/Legacy -I../../MCSDK_v6.1.1-Full/MotorControl/MCSDK/MCLib/Any/Inc -I../../MCSDK_v6.1.1-Full/MotorControl/MCSDK/MCLib/G4xx/Inc -I../../Drivers/CMSIS/Device/ST/STM32G4xx/Include -I../../Drivers/CMSIS/Include -I../../Drivers/CMSIS/DSP/Include -Ofast -ffunction-sections -fdata-sections -Wall -fstack-usage -fcyclomatic-complexity -MMD -MP -MF"Application/User/regular_conversion_manager.d" -MT"Application/User/regular_conversion_manager.o" --specs=nano.specs -mfpu=fpv4-sp-d16 -mfloat-abi=hard -mthumb -o "Application/User/regular_conversion_manager.o"
arm-none-eabi-gcc "C:/Users/brans/Desktop/yayaya/Src/stm32g4xx_hal_msp.c" -mcpu=cortex-m4 -std=gnu11 -g3 -DDEBUG -DARM_MATH_CM4 -DUSE_HAL_DRIVER -DSTM32G431xx -c -I../../Inc -I../../Drivers/STM32G4xx_HAL_Driver/Inc -I../../Drivers/STM32G4xx_HAL_Driver/Inc/Legacy -I../../MCSDK_v6.1.1-Full/MotorControl/MCSDK/MCLib/Any/Inc -I../../MCSDK_v6.1.1-Full/MotorControl/MCSDK/MCLib/G4xx/Inc -I../../Drivers/CMSIS/Device/ST/STM32G4xx/Include -I../../Drivers/CMSIS/Include -I../../Drivers/CMSIS/DSP/Include -Ofast -ffunction-sections -fdata-sections -Wall -fstack-usage -fcyclomatic-complexity -MMD -MP -MF"Application/User/stm32g4xx_hal_msp.d" -MT"Application/User/stm32g4xx_hal_msp.o" --specs=nano.specs -mfpu=fpv4-sp-d16 -mfloat-abi=hard -mthumb -o "Application/User/stm32g4xx_hal_msp.o"
arm-none-eabi-gcc "C:/Users/brans/Desktop/yayaya/Src/stm32g4xx_it.c" -mcpu=cortex-m4 -std=gnu11 -g3 -DDEBUG -DARM_MATH_CM4 -DUSE_HAL_DRIVER -DSTM32G431xx -c -I../../Inc -I../../Drivers/STM32G4xx_HAL_Driver/Inc -I../../Drivers/STM32G4xx_HAL_Driver/Inc/Legacy -I../../MCSDK_v6.1.1-Full/MotorControl/MCSDK/MCLib/Any/Inc -I../../MCSDK_v6.1.1-Full/MotorControl/MCSDK/MCLib/G4xx/Inc -I../../Drivers/CMSIS/Device/ST/STM32G4xx/Include -I../../Drivers/CMSIS/Include -I../../Drivers/CMSIS/DSP/Include -Ofast -ffunction-sections -fdata-sections -Wall -fstack-usage -fcyclomatic-complexity -MMD -MP -MF"Application/User/stm32g4xx_it.d" -MT"Application/User/stm32g4xx_it.o" --specs=nano.specs -mfpu=fpv4-sp-d16 -mfloat-abi=hard -mthumb -o "Application/User/stm32g4xx_it.o"
arm-none-eabi-gcc "C:/Users/brans/Desktop/yayaya/Src/stm32g4xx_mc_it.c" -mcpu=cortex-m4 -std=gnu11 -g3 -DDEBUG -DARM_MATH_CM4 -DUSE_HAL_DRIVER -DSTM32G431xx -c -I../../Inc -I../../Drivers/STM32G4xx_HAL_Driver/Inc -I../../Drivers/STM32G4xx_HAL_Driver/Inc/Legacy -I../../MCSDK_v6.1.1-Full/MotorControl/MCSDK/MCLib/Any/Inc -I../../MCSDK_v6.1.1-Full/MotorControl/MCSDK/MCLib/G4xx/Inc -I../../Drivers/CMSIS/Device/ST/STM32G4xx/Include -I../../Drivers/CMSIS/Include -I../../Drivers/CMSIS/DSP/Include -Ofast -ffunction-sections -fdata-sections -Wall -fstack-usage -fcyclomatic-complexity -MMD -MP -MF"Application/User/stm32g4xx_mc_it.d" -MT"Application/User/stm32g4xx_mc_it.o" --specs=nano.specs -mfpu=fpv4-sp-d16 -mfloat-abi=hard -mthumb -o "Application/User/stm32g4xx_mc_it.o"
arm-none-eabi-gcc "../Application/User/syscalls.c" -mcpu=cortex-m4 -std=gnu11 -g3 -DDEBUG -DARM_MATH_CM4 -DUSE_HAL_DRIVER -DSTM32G431xx -c -I../../Inc -I../../Drivers/STM32G4xx_HAL_Driver/Inc -I../../Drivers/STM32G4xx_HAL_Driver/Inc/Legacy -I../../MCSDK_v6.1.1-Full/MotorControl/MCSDK/MCLib/Any/Inc -I../../MCSDK_v6.1.1-Full/MotorControl/MCSDK/MCLib/G4xx/Inc -I../../Drivers/CMSIS/Device/ST/STM32G4xx/Include -I../../Drivers/CMSIS/Include -I../../Drivers/CMSIS/DSP/Include -Ofast -ffunction-sections -fdata-sections -Wall -fstack-usage -fcyclomatic-complexity -MMD -MP -MF"Application/User/syscalls.d" -MT"Application/User/syscalls.o" --specs=nano.specs -mfpu=fpv4-sp-d16 -mfloat-abi=hard -mthumb -o "Application/User/syscalls.o"
arm-none-eabi-gcc "../Application/User/sysmem.c" -mcpu=cortex-m4 -std=gnu11 -g3 -DDEBUG -DARM_MATH_CM4 -DUSE_HAL_DRIVER -DSTM32G431xx -c -I../../Inc -I../../Drivers/STM32G4xx_HAL_Driver/Inc -I../../Drivers/STM32G4xx_HAL_Driver/Inc/Legacy -I../../MCSDK_v6.1.1-Full/MotorControl/MCSDK/MCLib/Any/Inc -I../../MCSDK_v6.1.1-Full/MotorControl/MCSDK/MCLib/G4xx/Inc -I../../Drivers/CMSIS/Device/ST/STM32G4xx/Include -I../../Drivers/CMSIS/Include -I../../Drivers/CMSIS/DSP/Include -Ofast -ffunction-sections -fdata-sections -Wall -fstack-usage -fcyclomatic-complexity -MMD -MP -MF"Application/User/sysmem.d" -MT"Application/User/sysmem.o" --specs=nano.specs -mfpu=fpv4-sp-d16 -mfloat-abi=hard -mthumb -o "Application/User/sysmem.o"
arm-none-eabi-gcc "C:/Users/brans/Desktop/yayaya/Src/usart_aspep_driver.c" -mcpu=cortex-m4 -std=gnu11 -g3 -DDEBUG -DARM_MATH_CM4 -DUSE_HAL_DRIVER -DSTM32G431xx -c -I../../Inc -I../../Drivers/STM32G4xx_HAL_Driver/Inc -I../../Drivers/STM32G4xx_HAL_Driver/Inc/Legacy -I../../MCSDK_v6.1.1-Full/MotorControl/MCSDK/MCLib/Any/Inc -I../../MCSDK_v6.1.1-Full/MotorControl/MCSDK/MCLib/G4xx/Inc -I../../Drivers/CMSIS/Device/ST/STM32G4xx/Include -I../../Drivers/CMSIS/Include -I../../Drivers/CMSIS/DSP/Include -Ofast -ffunction-sections -fdata-sections -Wall -fstack-usage -fcyclomatic-complexity -MMD -MP -MF"Application/User/usart_aspep_driver.d" -MT"Application/User/usart_aspep_driver.o" --specs=nano.specs -mfpu=fpv4-sp-d16 -mfloat-abi=hard -mthumb -o "Application/User/usart_aspep_driver.o"
arm-none-eabi-gcc -mcpu=cortex-m4 -g3 -DDEBUG -c -x assembler-with-cpp -MMD -MP -MF"Application/Startup/startup_stm32g431rbtx.d" -MT"Application/Startup/startup_stm32g431rbtx.o" --specs=nano.specs -mfpu=fpv4-sp-d16 -mfloat-abi=hard -mthumb -o "Application/Startup/startup_stm32g431rbtx.o" "../Application/Startup/startup_stm32g431rbtx.s"
arm-none-eabi-gcc -o "motor_testing.elf" @"objects.list"   -mcpu=cortex-m4 -T"C:\Users\brans\Desktop\yayaya\STM32CubeIDE\STM32G431RBTX_FLASH.ld" --specs=nosys.specs -Wl,-Map="motor_testing.map" -Wl,--gc-sections -static --specs=nano.specs -mfpu=fpv4-sp-d16 -mfloat-abi=hard -mthumb -Wl,--start-group -lc -lm -Wl,--end-group
Finished building target: motor_testing.elf
 
arm-none-eabi-size   motor_testing.elf 
arm-none-eabi-objdump -h -S  motor_testing.elf  > "motor_testing.list"
   text	   data	    bss	    dec	    hex	filename
  38364	   1380	   6924	  46668	   b64c	motor_testing.elf
Finished building: default.size.stdout
 
Finished building: motor_testing.list
 
11:24:06 **** Incremental Build of configuration Debug for project motor_testing ****
make -j12 all 
arm-none-eabi-size   motor_testing.elf 
   text	   data	    bss	    dec	    hex	filename
  38364	   1380	   6924	  46668	   b64c	motor_testing.elf
Finished building: default.size.stdout
 
11:24:21 **** Incremental Build of configuration Debug for project motor_testing ****
make -j12 all 
arm-none-eabi-size   motor_testing.elf 
   text	   data	    bss	    dec	    hex	filename
  38364	   1380	   6924	  46668	   b64c	motor_testing.elf
Finished building: default.size.stdout
 
